ARM Linker, 4.1 [Build 894] [Standard]

==============================================================================

Section Cross References

    nrk_cpu.o(i._Z16nrk_target_startv) refers to nrk_timer.o(i._Z16_nrk_setup_timerv) for _nrk_setup_timer()
    nrk_cpu.o(i._Z16nrk_task_set_stkP9task_typePjt) refers to nrk_error.o(i._Z13nrk_error_addh) for nrk_error_add(unsigned char)
    nrk_cpu.o(i._Z22nrk_stack_pointer_initv) refers to nrk.o(.bss) for nrk_kernel_stk
    nrk_cpu.o(i._Z22nrk_stack_pointer_initv) refers to nrk.o(.data) for nrk_kernel_stk_ptr
    nrk_cpu.o(i._Z22nrk_stack_pointer_initv) refers to nrk.o(i._nrk_timer_tick) for _nrk_timer_tick
    nrk_cpu.o(i._Z25nrk_stack_pointer_restorev) refers to nrk.o(.bss) for nrk_kernel_stk
    nrk_cpu.o(i._Z25nrk_stack_pointer_restorev) refers to nrk.o(i._nrk_timer_tick) for _nrk_timer_tick
    nrk_cpu.o(i._Z25nrk_stack_pointer_restorev) refers to nrk.o(.data) for nrk_kernel_stk_ptr
    nrk_cpu.o(.ARM.exidx) refers to nrk_cpu.o(i._Z16nrk_battery_savev) for i._Z16nrk_battery_savev
    nrk_cpu.o(.ARM.exidx) refers to nrk_cpu.o(i._Z9nrk_sleepv) for i._Z9nrk_sleepv
    nrk_cpu.o(.ARM.exidx) refers to nrk_cpu.o(i._Z8nrk_idlev) for i._Z8nrk_idlev
    nrk_cpu.o(.ARM.exidx) refers to nrk_cpu.o(i._Z27nrk_task_set_entry_functionP9task_typePFvvE) for i._Z27nrk_task_set_entry_functionP9task_typePFvvE
    nrk_cpu.o(.ARM.exidx) refers to nrk_cpu.o(i._Z16nrk_task_set_stkP9task_typePjt) for i._Z16nrk_task_set_stkP9task_typePjt
    nrk_cpu.o(.ARM.exidx) refers to nrk_cpu.o(i._Z17nrk_task_stk_initPFvvEPjS1_) for i._Z17nrk_task_stk_initPFvvEPjS1_
    nrk_cpu.o(.ARM.exidx) refers to nrk_cpu.o(i._Z22nrk_stack_pointer_initv) for i._Z22nrk_stack_pointer_initv
    nrk_cpu.o(.ARM.exidx) refers to nrk_cpu.o(i._Z25nrk_stack_pointer_restorev) for i._Z25nrk_stack_pointer_restorev
    nrk_cpu.o(.ARM.exidx) refers to nrk_cpu.o(i._Z16nrk_target_startv) for i._Z16nrk_target_startv
    nrk_status.o(.ARM.exidx) refers to nrk_status.o(i._Z18_nrk_startup_errorv) for i._Z18_nrk_startup_errorv
    nrk_timer.o(i.TIMER0_IRQHandler) refers to my_asm.o(.text) for _swap
    nrk_timer.o(i._Z16_nrk_setup_timerv) refers to nrk_timer.o(i._Z14NVIC_EnableIRQ4IRQn) for NVIC_EnableIRQ(IRQn)
    nrk_timer.o(i._Z16_nrk_setup_timerv) refers to nrk_timer.o(i._Z19_nrk_os_timer_resetv) for _nrk_os_timer_reset()
    nrk_timer.o(i._Z16_nrk_setup_timerv) refers to nrk_timer.o(i._Z19_nrk_os_timer_startv) for _nrk_os_timer_start()
    nrk_timer.o(i._Z16_nrk_setup_timerv) refers to nrk_timer.o(.data) for .data
    nrk_timer.o(i._Z16nrk_spin_wait_usj) refers to wait_api.c.lpc1768.arm.o(i.wait_us) for wait_us
    nrk_timer.o(i._Z19_nrk_os_timer_resetv) refers to nrk_timer.o(.data) for .data
    nrk_timer.o(i._Z25nrk_high_speed_timer_waittt) refers to nrk_timer.o(i._Z25_nrk_high_speed_timer_getv) for _nrk_high_speed_timer_get()
    nrk_timer.o(.ARM.exidx) refers to nrk_timer.o(i._Z16nrk_spin_wait_usj) for i._Z16nrk_spin_wait_usj
    nrk_timer.o(.ARM.exidx) refers to nrk_timer.o(i._Z19_nrk_os_timer_startv) for i._Z19_nrk_os_timer_startv
    nrk_timer.o(.ARM.exidx) refers to nrk_timer.o(i._Z19_nrk_os_timer_resetv) for i._Z19_nrk_os_timer_resetv
    nrk_timer.o(.ARM.exidx) refers to nrk_timer.o(i._Z16_nrk_setup_timerv) for i._Z16_nrk_setup_timerv
    nrk_timer.o(.ARM.exidx) refers to nrk_timer.o(i._Z26_nrk_high_speed_timer_stopv) for i._Z26_nrk_high_speed_timer_stopv
    nrk_timer.o(.ARM.exidx) refers to nrk_timer.o(i._Z27_nrk_high_speed_timer_startv) for i._Z27_nrk_high_speed_timer_startv
    nrk_timer.o(.ARM.exidx) refers to nrk_timer.o(i._Z27_nrk_high_speed_timer_resetv) for i._Z27_nrk_high_speed_timer_resetv
    nrk_timer.o(.ARM.exidx) refers to nrk_timer.o(i._Z25_nrk_high_speed_timer_getv) for i._Z25_nrk_high_speed_timer_getv
    nrk_timer.o(.ARM.exidx) refers to nrk_timer.o(i._Z25nrk_high_speed_timer_waittt) for i._Z25nrk_high_speed_timer_waittt
    nrk_timer.o(.ARM.exidx) refers to nrk_timer.o(i._Z18_nrk_os_timer_stopv) for i._Z18_nrk_os_timer_stopv
    nrk_timer.o(.ARM.exidx) refers to nrk_timer.o(i._Z17_nrk_os_timer_seth) for i._Z17_nrk_os_timer_seth
    nrk_timer.o(.ARM.exidx) refers to nrk_timer.o(i._Z20_nrk_get_next_wakeupv) for i._Z20_nrk_get_next_wakeupv
    nrk_timer.o(.ARM.exidx) refers to nrk_timer.o(i._Z20_nrk_set_next_wakeuph) for i._Z20_nrk_set_next_wakeuph
    nrk_timer.o(.ARM.exidx) refers to nrk_timer.o(i._Z18nrk_timer_int_stoph) for i._Z18nrk_timer_int_stoph
    nrk_timer.o(.ARM.exidx) refers to nrk_timer.o(i._Z19nrk_timer_int_reseth) for i._Z19nrk_timer_int_reseth
    nrk_timer.o(.ARM.exidx) refers to nrk_timer.o(i._Z18nrk_timer_int_readh) for i._Z18nrk_timer_int_readh
    nrk_timer.o(.ARM.exidx) refers to nrk_timer.o(i._Z19nrk_timer_int_starth) for i._Z19nrk_timer_int_starth
    nrk_timer.o(.ARM.exidx) refers to nrk_timer.o(i._Z23nrk_timer_int_configurehttPv) for i._Z23nrk_timer_int_configurehttPv
[...]
    mrf_write_short(unsigned char, unsigned char) 0x00004c31   Thumb Code    64  mrf24j40.o(i._Z15mrf_write_shorthh)
    nrk_int_disable()                        0x00004c71   Thumb Code     4  nrk.o(i._Z15nrk_int_disablev)
    nrk_setup_ports()                        0x00004c75   Thumb Code     4  ulib.o(i._Z15nrk_setup_portsv)
    nrk_stack_check()                        0x00004c79   Thumb Code     2  nrk_stack_check.o(i._Z15nrk_stack_checkv)
    rf_rx_check_cca()                        0x00004c7d   Thumb Code    22  basic_rf.o(i._Z15rf_rx_check_ccav)
    PINSEL_ConfigPin(PINSEL_CFG_Type*)       0x00004c99   Thumb Code    38  ulib.o(i._Z16PINSEL_ConfigPinP15PINSEL_CFG_Type)
    _nrk_setup_timer()                       0x00004cc1   Thumb Code   138  nrk_timer.o(i._Z16_nrk_setup_timerv)
    bmac_task_config()                       0x00004d5d   Thumb Code    62  bmac.o(i._Z16bmac_task_configv)
    mrf_gpioint_init()                       0x00004da9   Thumb Code    40  mrf24j40.o(i._Z16mrf_gpioint_initv)
    nrk_event_signal(signed char)            0x00004ddd   Thumb Code   130  nrk_events.o(i._Z16nrk_event_signala)
    nrk_spin_wait_us(unsigned)               0x00004e69   Thumb Code     4  nrk_timer.o(i._Z16nrk_spin_wait_usj)
    nrk_target_start()                       0x00004e6d   Thumb Code    10  nrk_cpu.o(i._Z16nrk_target_startv)
    nrk_task_set_stk(task_type*, unsigned*, unsigned short) 0x00004e77   Thumb Code    30  nrk_cpu.o(i._Z16nrk_task_set_stkP9task_typePjt)
    rf_polling_rx_on()                       0x00004e95   Thumb Code    32  basic_rf.o(i._Z16rf_polling_rx_onv)
    set_ResistorMode(unsigned char, unsigned char, unsigned char) 0x00004ebd   Thumb Code    36  ulib.o(i._Z16set_ResistorModehhh)
    _nrk_os_timer_get()                      0x00004ee5   Thumb Code    10  nrk_timer.o(i._Z17_nrk_os_timer_getv)
    nrk_activate_task(task_type*)            0x00004ef1   Thumb Code   112  nrk_task.o(i._Z17nrk_activate_taskP9task_type)
    nrk_add_to_readyQ(signed char)           0x00004f65   Thumb Code   158  nrk_task.o(i._Z17nrk_add_to_readyQa)
    nrk_signal_create()                      0x00005011   Thumb Code    44  nrk_events.o(i._Z17nrk_signal_createv)
    nrk_task_stk_init(void(*)(), unsigned*, unsigned*) 0x00005041   Thumb Code   112  nrk_cpu.o(i._Z17nrk_task_stk_initPFvvEPjS1_)
    nrk_wait_until_nw()                      0x000050b1   Thumb Code    58  nrk_task.o(i._Z17nrk_wait_until_nwv)
    rf_set_cca_thresh(signed char)           0x000050f5   Thumb Code    38  basic_rf.o(i._Z17rf_set_cca_thresha)
    set_OpenDrainMode(unsigned char, unsigned char, unsigned char) 0x00005121   Thumb Code    30  ulib.o(i._Z17set_OpenDrainModehhh)
    _nrk_time_to_ticks(nrk_time_t*)          0x0000515d   Thumb Code    56  nrk_time.o(i._Z18_nrk_time_to_ticksP10nrk_time_t)
    nrk_create_taskset()                     0x0000519d   Thumb Code   114  main.o(i._Z18nrk_create_tasksetv)
    rf_auto_ack_enable()                     0x00005231   Thumb Code    26  basic_rf.o(i._Z18rf_auto_ack_enablev)
    rf_parse_rx_packet()                     0x00005251   Thumb Code   166  basic_rf.o(i._Z18rf_parse_rx_packetv)
    _bmac_channel_check()                    0x00005301   Thumb Code    32  bmac.o(i._Z19_bmac_channel_checkv)
    _nrk_os_timer_reset()                    0x00005321   Thumb Code    10  nrk_timer.o(i._Z19_nrk_os_timer_resetv)
    _nrk_os_timer_start()                    0x00005331   Thumb Code    14  nrk_timer.o(i._Z19_nrk_os_timer_startv)
    bmac_rx_pkt_release()                    0x00005341   Thumb Code     8  bmac.o(i._Z19bmac_rx_pkt_releasev)
    bmac_set_cca_thresh(signed char)         0x0000534d   Thumb Code    10  bmac.o(i._Z19bmac_set_cca_thresha)
    nrk_rem_from_readyQ(signed char)         0x00005359   Thumb Code    76  nrk_task.o(i._Z19nrk_rem_from_readyQa)
    nrk_signal_register(signed char)         0x000053ad   Thumb Code    32  nrk_events.o(i._Z19nrk_signal_registera)
    rf_auto_ack_disable()                    0x000053d5   Thumb Code    26  basic_rf.o(i._Z19rf_auto_ack_disablev)
    _nrk_get_next_wakeup()                   0x000053f5   Thumb Code    12  nrk_timer.o(i._Z20_nrk_get_next_wakeupv)
    _nrk_set_next_wakeup(unsigned char)      0x00005401   Thumb Code    10  nrk_timer.o(i._Z20_nrk_set_next_wakeuph)
    nrk_kernel_error_add(unsigned char, unsigned char) 0x0000540d   Thumb Code     8  nrk_error.o(i._Z20nrk_kernel_error_addhh)
    nrk_wait_until_ticks(unsigned short)     0x00005419   Thumb Code    60  nrk_task.o(i._Z20nrk_wait_until_tickst)
    bmac_auto_ack_disable()                  0x0000545d   Thumb Code    10  bmac.o(i._Z21bmac_auto_ack_disablev)
    bmac_rx_pkt_set_buffer(char*, unsigned char) 0x00005511   Thumb Code    22  bmac.o(i._Z22bmac_rx_pkt_set_bufferPch)
    bmac_wait_until_rx_pkt()                 0x00005531   Thumb Code    46  bmac.o(i._Z22bmac_wait_until_rx_pktv)
    nrk_stack_pointer_init()                 0x00005565   Thumb Code   106  nrk_cpu.o(i._Z22nrk_stack_pointer_initv)
    rf_addr_decode_disable()                 0x000055dd   Thumb Code    22  basic_rf.o(i._Z22rf_addr_decode_disablev)
    _nrk_wait_for_scheduler()                0x000055f5   Thumb Code    14  nrk_task.o(i._Z23_nrk_wait_for_schedulerv)
    bmac_get_tx_done_signal()                0x00005609   Thumb Code    18  bmac.o(i._Z23bmac_get_tx_done_signalv)
    _nrk_high_speed_timer_get()              0x000056e1   Thumb Code     8  nrk_timer.o(i._Z25_nrk_high_speed_timer_getv)
    nrk_high_speed_timer_wait(unsigned short, unsigned short) 0x000056ed   Thumb Code    50  nrk_timer.o(i._Z25nrk_high_speed_timer_waittt)
    nrk_stack_pointer_restore()              0x00005721   Thumb Code   100  nrk_cpu.o(i._Z25nrk_stack_pointer_restorev)
    nrk_get_high_ready_task_ID()             0x00005791   Thumb Code     8  nrk_task.o(i._Z26nrk_get_high_ready_task_IDv)
    nrk_wait_until_next_period()             0x0000579d   Thumb Code    58  nrk_task.o(i._Z26nrk_wait_until_next_periodv)
    _nrk_high_speed_timer_reset()            0x000057e1   Thumb Code    20  nrk_timer.o(i._Z27_nrk_high_speed_timer_resetv)
    nrk_task_set_entry_function(task_type*, void(*)()) 0x000057f9   Thumb Code     4  nrk_cpu.o(i._Z27nrk_task_set_entry_functionP9task_typePFvvE)
    nrk_wait_until_next_n_periods(unsigned short) 0x000059e5   Thumb Code    68  nrk_task.o(i._Z29nrk_wait_until_next_n_periodst)
    _b_pow(unsigned char)                    0x00005a31   Thumb Code    36  bmac.o(i._Z6_b_powh)
    halWait(unsigned short)                  0x00005a55   Thumb Code     2  hal_wait.o(i._Z7halWaitt)
    initLED()                                0x00005a59   Thumb Code   160  ulib.o(i._Z7initLEDv)
    rf_init(RF_RX_INFO*, unsigned char, unsigned short, unsigned short) 0x00005afd   Thumb Code    68  basic_rf.o(i._Z7rf_initP10RF_RX_INFOhtt)
    rx_task()                                0x00005b4d   Thumb Code   118  main.o(i._Z7rx_taskv)
    tx_task()                                0x00005c05   Thumb Code   120  main.o(i._Z7tx_taskv)
    _bmac_rx()                               0x00005ce5   Thumb Code   100  bmac.o(i._Z8_bmac_rxv)
    _bmac_tx()                               0x00005d4d   Thumb Code   190  bmac.o(i._Z8_bmac_txv)
    mrf_init()                               0x00005e15   Thumb Code    28  mrf24j40.o(i._Z8mrf_initv)
    mrf_rssi()                               0x00005e35   Thumb Code    42  mrf24j40.o(i._Z8mrf_rssiv)
    nrk_init()                               0x00005e61   Thumb Code   158  nrk.o(i._Z8nrk_initv)
    nrk_wait(nrk_time_t)                     0x00005f0d   Thumb Code    74  nrk_task.o(i._Z8nrk_wait10nrk_time_t)
    rf_rx_on()                               0x00005f61   Thumb Code    18  basic_rf.o(i._Z8rf_rx_onv)
    PORT_INIT()                              0x00005f7d   Thumb Code    22  ulib.o(i._Z9PORT_INITv)
    bmac_init(unsigned char)                 0x00005f95   Thumb Code   112  bmac.o(i._Z9bmac_inith)
    initDEBUG()                              0x00006065   Thumb Code   154  ulib.o(i._Z9initDEBUGv)
    mrf_reset()                              0x00006105   Thumb Code   222  mrf24j40.o(i._Z9mrf_resetv)
    nrk_start()                              0x000061e5   Thumb Code   128  nrk.o(i._Z9nrk_startv)
    rf_rx_off()                              0x00006271   Thumb Code    18  basic_rf.o(i._Z9rf_rx_offv)
    mbed::Base::clear(const char*, char*)    0x0000628d   Thumb Code    42  Base.cpp.lpc1768.arm.o(i._ZN4mbed4Base5clearEPKcPc)
    mbed::Base::lookup(const char*, unsigned) 0x000062bd   Thumb Code    50  Base.cpp.lpc1768.arm.o(i._ZN4mbed4Base6lookupEPKcj)
    mbed::Base::list_objs(const char*, char*) 0x000062f5   Thumb Code    56  Base.cpp.lpc1768.arm.o(i._ZN4mbed4Base9list_objsEPKcPc)
    std::type_info::operator ==(const std::type_info&) const 0x00006335   Thumb Code    32  type_info_eq.o(i._ZNKSt9type_infoeqERKS_)
    operator delete[] (void*)                0x00006355   Thumb Code     8  array_del.o(i._ZdaPv)
    operator delete (void*)                  0x0000635d   Thumb Code     8  delete.o(i._ZdlPv)
    __ARM_common_get_typeid                  0x00006365   Thumb Code    32  rtti.o(i.__ARM_common_get_typeid)
    __ARM_fpclassify                         0x00006385   Thumb Code    40  fpclassify.o(i.__ARM_fpclassify)
    __derived_to_base_conversion             0x000063ad   Thumb Code   106  rtti.o(i.__derived_to_base_conversion)
    __dynamic_cast                           0x0000641d   Thumb Code   166  rtti.o(i.__dynamic_cast)
    __mathlib_dbl_underflow                  0x000064cd   Thumb Code    10  dunder.o(i.__mathlib_dbl_underflow)
    __mathlib_flt_underflow                  0x000064dd   Thumb Code    10  funder.o(i.__mathlib_flt_underflow)
    __mathlib_narrow                         0x000064e7   Thumb Code    16  narrow.o(i.__mathlib_narrow)
    __mathlib_tofloat                        0x000064f9   Thumb Code   132  narrow.o(i.__mathlib_tofloat)
    __support_ldexp                          0x00006581   Thumb Code    22  ldexp.o(i.__support_ldexp)
    __user_setup_stackheap                   0x00006599   Thumb Code     8  stackheap.o(i.__user_setup_stackheap)
    _is_digit                                0x000065a5   Thumb Code    14  __printf_wp.o(i._is_digit)
    _nrk_timer_tick                          0x000065b3   Thumb Code     4  nrk.o(i._nrk_timer_tick)
    _sys_close                               0x000065b9   Thumb Code    40  stdio.cpp.lpc1768.arm.o(i._sys_close)
    _sys_flen                                0x000065e5   Thumb Code    34  stdio.cpp.lpc1768.arm.o(i._sys_flen)
    _sys_istty                               0x0000660d   Thumb Code    34  stdio.cpp.lpc1768.arm.o(i._sys_istty)
    _sys_open                                0x00006635   Thumb Code   348  stdio.cpp.lpc1768.arm.o(i._sys_open)
    _sys_seek                                0x000067b9   Thumb Code    40  stdio.cpp.lpc1768.arm.o(i._sys_seek)
    _sys_write                               0x000067e5   Thumb Code    76  stdio.cpp.lpc1768.arm.o(i._sys_write)
    exit                                     0x00006839   Thumb Code    22  exit.c.lpc1768.arm.o(i.exit)
    fputc                                    0x0000684f   Thumb Code    26  fputc.o(i.fputc)
    frexp                                    0x00006869   Thumb Code    80  frexp.o(i.frexp)
    gpio_output                              0x000068c1   Thumb Code    48  gpio_api.c.lpc1768.arm.o(i.gpio_output)
    gpio_write                               0x000068f1   Thumb Code    24  gpio_api.c.lpc1768.arm.o(i.gpio_write)
    ldexp                                    0x00006909   Thumb Code   126  ldexp.o(i.ldexp)
    main                                     0x00006987   Thumb Code    26  main.o(i.main)
    mbed_die                                 0x000069a1   Thumb Code   114  utils_api.c.lpc1768.arm.o(i.mbed_die)
    pin_function                             0x00006a19   Thumb Code    52  pinmap.c.lpc1768.arm.o(i.pin_function)
    pin_mode                                 0x00006a51   Thumb Code    52  pinmap.c.lpc1768.arm.o(i.pin_mode)
    pinmap_merge                             0x00006a89   Thumb Code    36  pinmap.c.lpc1768.arm.o(i.pinmap_merge)
    pinmap_peripheral                        0x00006ac5   Thumb Code    50  pinmap.c.lpc1768.arm.o(i.pinmap_peripheral)
    pinmap_pinout                            0x00006b1d   Thumb Code   134  pinmap.c.lpc1768.arm.o(i.pinmap_pinout)
    scalbnf                                  0x00006bc1   Thumb Code    90  scalbnf.o(i.scalbnf)
    semihost_exit                            0x00006c1b   Thumb Code    12  semihost_api.c.lpc1768.arm.o(i.semihost_exit)
    serial_baud                              0x00006c29   Thumb Code   218  serial_api.c.lpc1768.arm.o(i.serial_baud)
    serial_format                            0x00006d29   Thumb Code   132  serial_api.c.lpc1768.arm.o(i.serial_format)
    serial_init                              0x00006dbd   Thumb Code   178  serial_api.c.lpc1768.arm.o(i.serial_init)
    serial_putc                              0x00006ea1   Thumb Code    12  serial_api.c.lpc1768.arm.o(i.serial_putc)
    timer_frequency                          0x00006ead   Thumb Code    16  timer_api.c.lpc1768.arm.o(i.timer_frequency)
    timer_init                               0x00006ec1   Thumb Code   100  timer_api.c.lpc1768.arm.o(i.timer_init)
    timer_read                               0x00006f31   Thumb Code     4  timer_api.c.lpc1768.arm.o(i.timer_read)
    timer_start                              0x00006f35   Thumb Code    12  timer_api.c.lpc1768.arm.o(i.timer_start)
    us_ticker_read                           0x00006f41   Thumb Code    44  us_ticker_api.c.lpc1768.arm.o(i.us_ticker_read)
    wait_ms                                  0x00006f79   Thumb Code    28  wait_api.c.lpc1768.arm.o(i.wait_ms)
    wait_us                                  0x00006f95   Thumb Code    22  wait_api.c.lpc1768.arm.o(i.wait_us)
    _get_lc_numeric                          0x00006fad   Thumb Code    44  lc_numeric_c.o(locale$$code)
    _get_lc_ctype                            0x00006fd9   Thumb Code    44  lc_ctype_c.o(locale$$code)
    __aeabi_d2f                              0x00007005   Thumb Code     0  d2f.o(x$fpl$d2f)
    _d2f                                     0x00007005   Thumb Code    98  d2f.o(x$fpl$d2f)
    __fpl_dcheck_NaN1                        0x00007069   Thumb Code    10  dcheck1.o(x$fpl$dcheck1)
    __fpl_dcmp_Inf                           0x00007079   Thumb Code    24  dcmpi.o(x$fpl$dcmpinf)
    __aeabi_cdcmpeq                          0x00007091   Thumb Code     0  deqf.o(x$fpl$deqf)
    _dcmpeq                                  0x00007091   Thumb Code   120  deqf.o(x$fpl$deqf)
    __aeabi_cdcmple                          0x00007109   Thumb Code     0  dleqf.o(x$fpl$dleqf)
    _dcmple                                  0x00007109   Thumb Code   120  dleqf.o(x$fpl$dleqf)
    __fpl_dcmple_InfNaN                      0x0000716b   Thumb Code     0  dleqf.o(x$fpl$dleqf)
    __fpl_dnaninf                            0x00007181   Thumb Code   156  dnaninf.o(x$fpl$dnaninf)
    __aeabi_cdrcmple                         0x0000721d   Thumb Code     0  drleqf.o(x$fpl$drleqf)
    _drcmple                                 0x0000721d   Thumb Code   108  drleqf.o(x$fpl$drleqf)
    __aeabi_fadd                             0x00007289   Thumb Code     0  faddsub_clz.o(x$fpl$fadd)
    _fadd                                    0x00007289   Thumb Code   196  faddsub_clz.o(x$fpl$fadd)
    __fpl_fcheck_NaN1                        0x0000734d   Thumb Code     6  fcheck1.o(x$fpl$fcheck1)
    __aeabi_fdiv                             0x00007359   Thumb Code     0  fdiv.o(x$fpl$fdiv)
    _fdiv                                    0x00007359   Thumb Code   384  fdiv.o(x$fpl$fdiv)
    __aeabi_f2iz                             0x000074dd   Thumb Code     0  ffix.o(x$fpl$ffix)
    _ffix                                    0x000074dd   Thumb Code    54  ffix.o(x$fpl$ffix)
    __aeabi_i2f                              0x00007515   Thumb Code     0  fflt_clz.o(x$fpl$fflt)
    _fflt                                    0x00007515   Thumb Code    48  fflt_clz.o(x$fpl$fflt)
    __aeabi_ui2f                             0x00007545   Thumb Code     0  fflt_clz.o(x$fpl$ffltu)
    _ffltu                                   0x00007545   Thumb Code    38  fflt_clz.o(x$fpl$ffltu)
    __aeabi_fmul                             0x0000756d   Thumb Code     0  fmul.o(x$fpl$fmul)
    _fmul                                    0x0000756d   Thumb Code   258  fmul.o(x$fpl$fmul)
    __fpl_fnaninf                            0x0000766f   Thumb Code   140  fnaninf.o(x$fpl$fnaninf)
    _fp_init                                 0x000076fb   Thumb Code    14  fpinit.o(x$fpl$fpinit)
    __fplib_config_pureend_doubles           0x00007707   Thumb Code     0  fpinit.o(x$fpl$fpinit)
    __fpl_fretinf                            0x00007709   Thumb Code    10  fretinf.o(x$fpl$fretinf)
    __aeabi_fsub                             0x00007715   Thumb Code     0  faddsub_clz.o(x$fpl$fsub)
    _fsub                                    0x00007715   Thumb Code   234  faddsub_clz.o(x$fpl$fsub)
    _printf_fp_dec                           0x000077ff   Thumb Code     4  printf1.o(x$fpl$printf1)
    _printf_fp_hex                           0x00007803   Thumb Code     4  printf2.o(x$fpl$printf2)
    __fpl_return_NaN                         0x00007807   Thumb Code   100  retnan.o(x$fpl$retnan)
    __ARM_scalbn                             0x0000786b   Thumb Code    92  scalbn.o(x$fpl$scalbn)
    __ARM_scalbnf                            0x000078c7   Thumb Code    76  scalbnf.o(x$fpl$scalbnf)
    _scanf_real                              0x00007913   Thumb Code     4  scanf1.o(x$fpl$scanf1)
    _scanf_hex_real                          0x00007917   Thumb Code     4  scanf2.o(x$fpl$scanf2)
    _scanf_infnan                            0x0000791b   Thumb Code     4  scanf2.o(x$fpl$scanf2)
    __fpl_cmpreturn                          0x0000791f   Thumb Code    48  trapv.o(x$fpl$trapveneer)
    __I$use$fp                               0x0000794f   Thumb Code     0  usenofp.o(x$fpl$usenofp)
    __stdin_name                             0x00007987   Data           7  stdio.cpp.lpc1768.arm.o(.constdata)
    __stdout_name                            0x0000798e   Data           8  stdio.cpp.lpc1768.arm.o(.constdata)
    __stderr_name                            0x00007996   Data           8  stdio.cpp.lpc1768.arm.o(.constdata)
    mbed::Base::_base_funcs                  0x00007af4   Data          24  Base.cpp.lpc1768.arm.o(.constdata)
    typeinfo for __cxxabiv1::__class_type_info 0x00007bd0   Data          12  lib_rtti_impl.o(.constdata__ZTIN10__cxxabiv117__class_type_infoE)
    typeinfo for __cxxabiv1::__si_class_type_info 0x00007bdc   Data          12  lib_rtti_impl.o(.constdata__ZTIN10__cxxabiv120__si_class_type_infoE)
    typeinfo for __cxxabiv1::__vmi_class_type_info 0x00007be8   Data          12  lib_rtti_impl.o(.constdata__ZTIN10__cxxabiv121__vmi_class_type_infoE)
    typeinfo for mbed::FileHandle            0x00007bf4   Data           8  stdio.cpp.lpc1768.arm.o(.constdata__ZTIN4mbed10FileHandleE)
    typeinfo for mbed::FileSystemLike        0x00007bfc   Data          12  stdio.cpp.lpc1768.arm.o(.constdata__ZTIN4mbed14FileSystemLikeE)
    typeinfo for mbed::Base                  0x00007c08   Data           8  Base.cpp.lpc1768.arm.o(.constdata__ZTIN4mbed4BaseE)
    typeinfo for mbed::FileLike              0x00007c10   Data          32  stdio.cpp.lpc1768.arm.o(.constdata__ZTIN4mbed8FileLikeE)
    typeinfo for std::type_info              0x00007c30   Data           8  type_info_dtor.o(.constdata__ZTISt9type_info)
    typeinfo name for __cxxabiv1::__class_type_info 0x00007c38   Data          34  lib_rtti_impl.o(.constdata__ZTSN10__cxxabiv117__class_type_infoE)
    typeinfo name for __cxxabiv1::__si_class_type_info 0x00007c5a   Data          37  lib_rtti_impl.o(.constdata__ZTSN10__cxxabiv120__si_class_type_infoE)
    typeinfo name for __cxxabiv1::__vmi_class_type_info 0x00007c7f   Data          38  lib_rtti_impl.o(.constdata__ZTSN10__cxxabiv121__vmi_class_type_infoE)
    typeinfo name for mbed::FileHandle       0x00007ca5   Data          20  stdio.cpp.lpc1768.arm.o(.constdata__ZTSN4mbed10FileHandleE)
    typeinfo name for mbed::FileSystemLike   0x00007cb9   Data          24  stdio.cpp.lpc1768.arm.o(.constdata__ZTSN4mbed14FileSystemLikeE)
    typeinfo name for mbed::Base             0x00007cd1   Data          13  Base.cpp.lpc1768.arm.o(.constdata__ZTSN4mbed4BaseE)
    typeinfo name for mbed::FileLike         0x00007cde   Data          17  stdio.cpp.lpc1768.arm.o(.constdata__ZTSN4mbed8FileLikeE)
    typeinfo name for std::type_info         0x00007cef   Data          13  type_info_dtor.o(.constdata__ZTSSt9type_info)
    vtable for __cxxabiv1::__class_type_info 0x00007cfc   Data          16  lib_rtti_impl.o(.constdata__ZTVN10__cxxabiv117__class_type_infoE)
    vtable for __cxxabiv1::__si_class_type_info 0x00007d0c   Data          16  lib_rtti_impl.o(.constdata__ZTVN10__cxxabiv120__si_class_type_infoE)
    vtable for __cxxabiv1::__vmi_class_type_info 0x00007d1c   Data          16  lib_rtti_impl.o(.constdata__ZTVN10__cxxabiv121__vmi_class_type_infoE)
    Region$$Table$$Base                      0x00007d40   Number         0  anon$$obj.o(Region$$Table)
    Region$$Table$$Limit                     0x00007d60   Number         0  anon$$obj.o(Region$$Table)
    __aeabi_HUGE_VAL                         0x00007d60   Data           0  fpconst.o(c$$dinf)
    __aeabi_HUGE_VALL                        0x00007d60   Data           0  fpconst.o(c$$dinf)
    __aeabi_INFINITY                         0x00007d60   Data           0  fpconst.o(c$$dinf)
    __dInf                                   0x00007d60   Data           0  fpconst.o(c$$dinf)
    __huge_val                               0x00007d60   Data           0  fpconst.o(c$$dinf)
    __ctype                                  0x00007d91   Data           0  lc_ctype_c.o(locale$$data)
    _nrk_prev_timer_val                      0x100000c4   Data           1  nrk_timer.o(.data)
    _nrk_time_trigger                        0x100000c5   Data           1  nrk_timer.o(.data)
    nrk_kernel_stk_ptr                       0x100000c8   Data           4  nrk.o(.data)
    nrk_wakeup_signal                        0x100000cc   Data           1  nrk.o(.data)
    nrk_cur_task_prio                        0x100000d0   Data           1  nrk.o(.data)
    nrk_high_ready_prio                      0x100000d1   Data           1  nrk.o(.data)
    nrk_task_init_cnt                        0x100000d2   Data           1  nrk.o(.data)
    _free_node                               0x100000d4   Data           4  nrk.o(.data)
    _head_node                               0x100000d8   Data           4  nrk.o(.data)
    nrk_cur_task_TCB                         0x100000dc   Data           4  nrk.o(.data)
    nrk_high_ready_TCB                       0x100000e0   Data           4  nrk.o(.data)
    nrk_system_time                          0x100000e4   Data           8  nrk.o(.data)
    error_task                               0x100000ec   Data           1  nrk_error.o(.data)
    error_num                                0x100000ed   Data           1  nrk_error.o(.data)
    _nrk_signal_list                         0x100000f0   Data           4  nrk_events.o(.data)
    _nrk_cpu_state                           0x100000f4   Data           1  nrk_scheduler.o(.data)
    task_addr                                0x100000f8   Data           4  nrk_scheduler.o(.data)
    bmac_rx_pkt_signal                       0x100000fc   Data           1  bmac.o(.data)
    bmac_tx_pkt_done_signal                  0x100000fd   Data           1  bmac.o(.data)
    bmac_enable_signal                       0x100000fe   Data           1  bmac.o(.data)
    rx_ready                                 0x10000114   Data           1  basic_rf.o(.data)
    auto_ack_enable                          0x10000115   Data           1  basic_rf.o(.data)
    security_enable                          0x10000116   Data           1  basic_rf.o(.data)
    rx_data_ready                            0x10000117   Data           1  basic_rf.o(.data)
    tx_status_ready                          0x10000118   Data           1  basic_rf.o(.data)
    rssi_cca_thold                           0x10000119   Data           1  basic_rf.o(.data)
    myAddr                                   0x1000011a   Data           2  mrf24j40.o(.data)
    myPanid                                  0x1000011c   Data           2  mrf24j40.o(.data)
    ctr_cnt                                  0x1000011e   Data           4  main.o(.data)
    SystemCoreClock                          0x10000124   Data           4  system_LPC17xx.o(.data)
    __aeabi_stdin                            0x1000012c   Data           4  stdio_streams.o(.data)
    __aeabi_stdout                           0x10000130   Data           4  stdio_streams.o(.data)
    __aeabi_stderr                           0x10000134   Data           4  stdio_streams.o(.data)
    mbed::Base::_head                        0x10000138   Data           4  Base.cpp.lpc1768.arm.o(.data)
    mbed::Base::_classes                     0x1000013c   Data           4  Base.cpp.lpc1768.arm.o(.data)
    mbed::Base::_base_class                  0x10000140   Data          12  Base.cpp.lpc1768.arm.o(.data)
    nrk_kernel_stk                           0x10000150   Data         128  nrk.o(.bss)
    nrk_idle_task_stk                        0x100001d0   Data         128  nrk.o(.bss)
    nrk_task_TCB                             0x10000250   Data         176  nrk.o(.bss)
    _nrk_readyQ                              0x10000300   Data          60  nrk.o(.bss)
    bmac_rfRxInfo                            0x10000468   Data          16  bmac.o(.bss)
    bmac_rfTxInfo                            0x10000478   Data          12  bmac.o(.bss)
    rfSettings                               0x10000484   Data          12  basic_rf.o(.bss)
    RX_TASK                                  0x10000490   Data          44  main.o(.bss)
    rx_task_stack                            0x100004bc   Data         512  main.o(.bss)
    TX_TASK                                  0x100006bc   Data          44  main.o(.bss)
    tx_task_stack                            0x100006e8   Data         512  main.o(.bss)
    tx_buf                                   0x100008e8   Data         115  main.o(.bss)
    rx_buf                                   0x1000095b   Data         115  main.o(.bss)
    __stdin                                  0x100009d0   Data          80  stdio_streams.o(.bss)
    __stdout                                 0x10000a20   Data          80  stdio_streams.o(.bss)
    __stderr                                 0x10000a70   Data          80  stdio_streams.o(.bss)
    _random_number_data                      0x10000ac0   Data         228  rand.o(.bss)
    Image$$RW_IRAM1$$ZI$$Limit               0x10000c08   Number         0  rt_eh_globals_addr.o(.bss)



==============================================================================

Memory Map of the image

  Image Entry point : 0x000000c5

  Load Region LR_IROM1 (Base: 0x00000000, Size: 0x00007fe4, Max: 0x00080000, ABSOLUTE, COMPRESSED[0x00007ea8])

    Execution Region ER_IROM1 (Base: 0x00000000, Size: 0x00007e94, Max: 0x00080000, ABSOLUTE)

    Base Addr    Size         Type   Attr      Idx    E Section Name        Object

    0x00000000   0x000000c4   Data   RO         2324    RESET               startup_LPC17xx.o
    0x000000c4   0x00000008   Code   RO         2443  * !!!main             c_w.l(__main.o)
    0x000000cc   0x00000034   Code   RO         3536    !!!scatter          c_w.l(__scatter.o)
    0x00000100   0x0000003a   Code   RO         3534    !!dczerorl          c_w.l(__dczerorl.o)
    0x0000013a   0x00000002   PAD
    0x0000013c   0x0000001c   Code   RO         3538    !!handler_zi        c_w.l(__scatter_zi.o)
    0x00000158   0x00000000   Code   RO         2427    .ARM.Collect$$_printf_percent$$00000000  c_w.l(_printf_percent.o)
    0x00000158   0x00000006   Code   RO         3288    .ARM.Collect$$_printf_percent$$00000001  c_w.l(_printf_n.o)
    0x0000015e   0x00000006   Code   RO         3289    .ARM.Collect$$_printf_percent$$00000002  c_w.l(_printf_p.o)
    0x00000164   0x00000006   Code   RO         3293    .ARM.Collect$$_printf_percent$$00000003  c_w.l(_printf_f.o)
    0x0000016a   0x00000006   Code   RO         3294    .ARM.Collect$$_printf_percent$$00000004  c_w.l(_printf_e.o)
    0x00000170   0x00000006   Code   RO         3295    .ARM.Collect$$_printf_percent$$00000005  c_w.l(_printf_g.o)
    0x00000176   0x00000006   Code   RO         3296    .ARM.Collect$$_printf_percent$$00000006  c_w.l(_printf_a.o)
    0x0000017c   0x0000000a   Code   RO         3300    .ARM.Collect$$_printf_percent$$00000007  c_w.l(_printf_ll.o)
    0x00000186   0x00000006   Code   RO         3291    .ARM.Collect$$_printf_percent$$00000008  c_w.l(_printf_i.o)
    0x0000018c   0x00000006   Code   RO         2426    .ARM.Collect$$_printf_percent$$00000009  c_w.l(_printf_d.o)
    0x00000192   0x00000006   Code   RO         3292    .ARM.Collect$$_printf_percent$$0000000A  c_w.l(_printf_u.o)
    0x00000198   0x00000006   Code   RO         3290    .ARM.Collect$$_printf_percent$$0000000B  c_w.l(_printf_o.o)
    0x0000019e   0x00000006   Code   RO         2425    .ARM.Collect$$_printf_percent$$0000000C  c_w.l(_printf_x.o)
    0x000001a4   0x00000006   Code   RO         3297    .ARM.Collect$$_printf_percent$$0000000D  c_w.l(_printf_lli.o)
    0x000001aa   0x00000006   Code   RO         3298    .ARM.Collect$$_printf_percent$$0000000E  c_w.l(_printf_lld.o)
    0x000001b0   0x00000006   Code   RO         3299    .ARM.Collect$$_printf_percent$$0000000F  c_w.l(_printf_llu.o)
    0x000001b6   0x00000006   Code   RO         3304    .ARM.Collect$$_printf_percent$$00000010  c_w.l(_printf_llo.o)
    0x000001bc   0x00000006   Code   RO         3305    .ARM.Collect$$_printf_percent$$00000011  c_w.l(_printf_llx.o)
    0x000001c2   0x0000000a   Code   RO         3301    .ARM.Collect$$_printf_percent$$00000012  c_w.l(_printf_l.o)
    0x000001cc   0x00000006   Code   RO         2424    .ARM.Collect$$_printf_percent$$00000013  c_w.l(_printf_c.o)
    0x000001d2   0x00000006   Code   RO         3287    .ARM.Collect$$_printf_percent$$00000014  c_w.l(_printf_s.o)
    0x000001d8   0x00000006   Code   RO         3302    .ARM.Collect$$_printf_percent$$00000015  c_w.l(_printf_lc.o)
    0x000001de   0x00000006   Code   RO         3303    .ARM.Collect$$_printf_percent$$00000016  c_w.l(_printf_ls.o)
    0x000001e4   0x00000004   Code   RO         2480    .ARM.Collect$$_printf_percent$$00000017  c_w.l(_printf_percent_end.o)
    0x000001e8   0x00000006   Code   RO         2924    .ARM.Collect$$libinit$$00000000  c_w.l(libinit.o)
    0x000001ee   0x00000008   Code   RO         2491    .ARM.Collect$$libinit$$00000001  c_w.l(libinit2.o)
    0x000001f6   0x00000000   Code   RO         2493    .ARM.Collect$$libinit$$00000006  c_w.l(libinit2.o)
    0x000001f6   0x00000000   Code   RO         2495    .ARM.Collect$$libinit$$00000008  c_w.l(libinit2.o)
    0x000001f6   0x00000004   Code   RO         2496    .ARM.Collect$$libinit$$00000009  c_w.l(libinit2.o)
    0x000001fa   0x00000000   Code   RO         2497    .ARM.Collect$$libinit$$0000000A  c_w.l(libinit2.o)
    0x000001fa   0x00000006   Code   RO         2498    .ARM.Collect$$libinit$$0000000B  c_w.l(libinit2.o)
    0x00000200   0x00000000   Code   RO         2500    .ARM.Collect$$libinit$$0000000D  c_w.l(libinit2.o)
    0x00000200   0x0000000c   Code   RO         2501    .ARM.Collect$$libinit$$0000000E  c_w.l(libinit2.o)
    0x0000020c   0x00000000   Code   RO         2502    .ARM.Collect$$libinit$$0000000F  c_w.l(libinit2.o)
    0x0000020c   0x00000000   Code   RO         2504    .ARM.Collect$$libinit$$00000011  c_w.l(libinit2.o)
    0x0000020c   0x0000000a   Code   RO         2505    .ARM.Collect$$libinit$$00000012  c_w.l(libinit2.o)
    0x00000216   0x00000000   Code   RO         2506    .ARM.Collect$$libinit$$00000013  c_w.l(libinit2.o)
    0x00000216   0x00000000   Code   RO         2508    .ARM.Collect$$libinit$$00000015  c_w.l(libinit2.o)
    0x00000216   0x00000000   Code   RO         2510    .ARM.Collect$$libinit$$00000017  c_w.l(libinit2.o)
    0x00000216   0x00000000   Code   RO         2512    .ARM.Collect$$libinit$$00000019  c_w.l(libinit2.o)
    0x00000216   0x00000000   Code   RO         2514    .ARM.Collect$$libinit$$0000001B  c_w.l(libinit2.o)
    0x00000216   0x00000000   Code   RO         2516    .ARM.Collect$$libinit$$0000001D  c_w.l(libinit2.o)
    0x00000216   0x00000000   Code   RO         2518    .ARM.Collect$$libinit$$0000001F  c_w.l(libinit2.o)
    0x00000216   0x00000004   Code   RO         2519    .ARM.Collect$$libinit$$00000020  c_w.l(libinit2.o)
    0x0000021a   0x00000000   Code   RO         2520    .ARM.Collect$$libinit$$00000021  c_w.l(libinit2.o)
    0x0000021a   0x00000000   Code   RO         2524    .ARM.Collect$$libinit$$00000028  c_w.l(libinit2.o)
    0x0000021a   0x00000000   Code   RO         2526    .ARM.Collect$$libinit$$0000002A  c_w.l(libinit2.o)
    0x0000021a   0x00000000   Code   RO         2528    .ARM.Collect$$libinit$$0000002C  c_w.l(libinit2.o)
    0x0000021a   0x00000000   Code   RO         2530    .ARM.Collect$$libinit$$0000002E  c_w.l(libinit2.o)
    0x0000021a   0x00000002   Code   RO         2531    .ARM.Collect$$libinit$$0000002F  c_w.l(libinit2.o)
    0x0000021c   0x00000000   Code   RO         2741    .ARM.Collect$$libshutdown$$00000003  c_w.l(libshutdown2.o)
    0x0000021c   0x00000000   Code   RO         2465    .ARM.Collect$$rtentry$$00000000  c_w.l(rtentry.o)
    0x0000021c   0x00000000   Code   RO         2640    .ARM.Collect$$rtentry$$00000002  c_w.l(rtentry2.o)
    0x0000021c   0x00000006   Code   RO         2652    .ARM.Collect$$rtentry$$00000004  c_w.l(rtentry4.o)
    0x00000222   0x00000000   Code   RO         2642    .ARM.Collect$$rtentry$$00000009  c_w.l(rtentry2.o)
    0x00000222   0x00000004   Code   RO         2643    .ARM.Collect$$rtentry$$0000000A  c_w.l(rtentry2.o)
    0x00000226   0x00000000   Code   RO         2645    .ARM.Collect$$rtentry$$0000000C  c_w.l(rtentry2.o)
    0x00000226   0x00000008   Code   RO         2646    .ARM.Collect$$rtentry$$0000000D  c_w.l(rtentry2.o)
    0x0000022e   0x00000002   PAD
    0x00000230   0x00000034   Code   RO         2436    .emb_text           c_w.l(rand.o)
    0x00000264   0x00000000   Code   RO         3110    .emb_text           c_w.l(maybetermalloc1.o)
    0x00000264   0x00000078   Code   RO         1431    .text               my_asm.o
    0x000002dc   0x00000018   Code   RO         2369    .text               c_w.l(__2printf.o)
    0x000002f4   0x00000008   Code   RO         2714    .text               c_w.l(ferror.o)
    0x000002fc   0x00000004   Code   RO         2325    .ARM.__at_0x02FC    startup_LPC17xx.o
    0x00000300   0x00000024   Code   RO         2326    .text               startup_LPC17xx.o
    0x00000324   0x000000ee   Code   RO         2367    .text               c_w.l(lludivv7m.o)
    0x00000412   0x00000002   PAD
    0x00000414   0x0000002c   Code   RO         2371    .text               c_w.l(__2sprintf.o)
    0x00000440   0x00000052   Code   RO         2379    .text               c_w.l(_printf_str.o)
    0x00000492   0x00000002   PAD
    0x00000494   0x00000078   Code   RO         2381    .text               c_w.l(_printf_dec.o)
    0x0000050c   0x0000009c   Code   RO         2401    .text               c_w.l(_printf_hex_int_ll_ptr.o)
    0x000005a8   0x0000018c   Code   RO         2421    .text               c_w.l(__printf_flags_ss_wp.o)
    0x00000734   0x0000003c   Code   RO         2437    .text               c_w.l(rand.o)
    0x00000770   0x0000003e   Code   RO         2441    .text               c_w.l(strlen.o)
    0x000007ae   0x000000b8   Code   RO         2470    .text               c_w.l(_printf_intcommon.o)
    0x00000866   0x00000002   PAD
    0x00000868   0x00000030   Code   RO         2472    .text               c_w.l(_printf_char_common.o)
    0x00000898   0x0000000a   Code   RO         2474    .text               c_w.l(_sputc.o)
    0x000008a2   0x0000002c   Code   RO         2476    .text               c_w.l(_printf_char.o)
    0x000008ce   0x00000002   PAD
    0x000008d0   0x00000024   Code   RO         2478    .text               c_w.l(_printf_char_file.o)
    0x000008f4   0x00000138   Code   RO         2485    .text               c_w.l(initio.o)
    0x00000a2c   0x0000004e   Code   RO         2658    .text               c_w.l(h1_free.o)
    0x00000a7a   0x000001e0   Code   RO         2716    .text               c_w.l(flsbuf.o)
    0x00000c5a   0x00000046   Code   RO         2718    .text               c_w.l(setvbuf.o)
    0x00000ca0   0x000000ec   Code   RO         2721    .text               c_w.l(fopen.o)
    0x00000d8c   0x0000004c   Code   RO         2723    .text               c_w.l(fclose.o)
    0x00000dd8   0x0000000e   Code   RO         2731    .text               c_w.l(defsig_rtred_outer.o)
    0x00000de6   0x0000004e   Code   RO         2735    .text               c_w.l(rt_memclr_w.o)
    0x00000e34   0x00000008   Code   RO         2862    .text               c_w.l(rt_heap_descriptor.o)
    0x00000e3c   0x00000004   Code   RO         2867    .text               c_w.l(hguard.o)
    0x00000e40   0x0000008a   Code   RO         2869    .text               c_w.l(init_alloc.o)
    0x00000eca   0x0000005e   Code   RO         2875    .text               c_w.l(h1_alloc.o)
    0x00000f28   0x0000003c   Code   RO         2891    .text               c_w.l(sscanf.o)
    0x00000f64   0x000000f8   Code   RO         2893    .text               c_w.l(fseek.o)
    0x0000105c   0x000000f0   Code   RO         2895    .text               c_w.l(stdio.o)
    0x0000114c   0x0000000a   Code   RO         2901    .text               c_w.l(defsig_exit.o)
    0x00001156   0x00000002   PAD
    0x00001158   0x00000034   Code   RO         2907    .text               c_w.l(defsig_rtred_inner.o)
    0x0000118c   0x00000018   Code   RO         2909    .text               c_w.l(assert_stdio.o)
    0x000011a4   0x00000080   Code   RO         2913    .text               c_w.l(strcmpv7m.o)
    0x00001224   0x0000000c   Code   RO         3103    .text               c_w.l(sys_exit.o)
    0x00001230   0x0000000e   Code   RO         3112    .text               c_w.l(h1_init.o)
    0x0000123e   0x00000034   Code   RO         3114    .text               c_w.l(h1_extend.o)
    0x00001272   0x00000014   Code   RO         3120    .text               c_w.l(fprintf.o)
    0x00001286   0x00000002   PAD
    0x00001288   0x0000002c   Code   RO         3122    .text               c_w.l(sprintf.o)
    0x000012b4   0x0000014c   Code   RO         3124    .text               c_w.l(_scanf_longlong.o)
    0x00001400   0x00000150   Code   RO         3126    .text               c_w.l(_scanf_int.o)
    0x00001550   0x000000da   Code   RO         3128    .text               c_w.l(_scanf_str.o)
    0x0000162a   0x00000002   PAD
    0x0000162c   0x00000030   Code   RO         3130    .text               c_w.l(scanf_char.o)
    0x0000165c   0x00000040   Code   RO         3132    .text               c_w.l(_sgetc.o)
    0x0000169c   0x00000118   Code   RO         3134    .text               c_w.l(_scanf_mbtowc.o)
    0x000017b4   0x000000e2   Code   RO         3136    .text               c_w.l(_scanf_wctomb.o)
    0x00001896   0x000000ca   Code   RO         3138    .text               c_w.l(_scanf_wstr.o)
    0x00001960   0x00000064   Code   RO         3140    .text               c_w.l(fflush.o)
    0x000019c4   0x00000022   Code   RO         3142    .text               c_w.l(fputs.o)
    0x000019e6   0x00000046   Code   RO         3144    .text               c_w.l(ftell.o)
    0x00001a2c   0x00000032   Code   RO         3152    .text               c_w.l(defsig_general.o)
    0x00001a5e   0x0000000e   Code   RO         3156    .text               c_w.l(defsig_rtmem_outer.o)
    0x00001a6c   0x0000007c   Code   RO         3164    .text               c_w.l(assert.o)
    0x00001ae8   0x00000096   Code   RO         3166    .text               c_w.l(strncmp.o)
    0x00001b7e   0x00000002   PAD
    0x00001b80   0x0000004c   Code   RO         3172    .text               c_w.l(heapauxa.o)
    0x00001bcc   0x00000004   Code   RO         3192    .text               cpprt_w.l(arm_bad_typeid_noexceptions.o)
    0x00001bd0   0x0000000e   Code   RO         3244    .text               c_w.l(sys_wrch.o)
    0x00001bde   0x00000002   Code   RO         3246    .text               c_w.l(use_no_semi.o)
    0x00001be0   0x00000000   Code   RO         3248    .text               c_w.l(indicate_semi.o)
    0x00001be0   0x00000008   Code   RO         3249    .text               c_w.l(rt_fp_status_addr.o)
    0x00001be8   0x00000008   Code   RO         3259    .text               c_w.l(rt_errno_addr.o)
    0x00001bf0   0x00000016   Code   RO         3266    .text               c_w.l(_rserrno.o)
    0x00001c06   0x00000012   Code   RO         3268    .text               c_w.l(isspace.o)
    0x00001c18   0x00000052   Code   RO         3270    .text               c_w.l(_printf_pad.o)
    0x00001c6a   0x00000024   Code   RO         3272    .text               c_w.l(_printf_truncate.o)
    0x00001c8e   0x0000002a   Code   RO         3274    .text               c_w.l(_printf_charcount.o)
    0x00001cb8   0x000000bc   Code   RO         3276    .text               c_w.l(_printf_wctomb.o)
    0x00001d74   0x00000078   Code   RO         3279    .text               c_w.l(_printf_longlong_dec.o)
    0x00001dec   0x00000078   Code   RO         3285    .text               c_w.l(_printf_oct_int_ll.o)
    0x00001e64   0x0000001c   Code   RO         3306    .text               c_w.l(_chval.o)
    0x00001e80   0x00000378   Code   RO         3308    .text               c_w.l(_scanf.o)
    0x000021f8   0x000004a8   Code   RO         3310    .text               c_w.l(scanf_fp.o)
    0x000026a0   0x0000001e   Code   RO         3312    .text               c_w.l(_scanf_wcharmap.o)
    0x000026be   0x0000003c   Code   RO         3314    .text               c_w.l(_mbrtowc.o)
    0x000026fa   0x00000040   Code   RO         3316    .text               c_w.l(_wcrtomb.o)
    0x0000273a   0x00000010   Code   RO         3318    .text               c_w.l(abort.o)
    0x0000274a   0x00000002   PAD
    0x0000274c   0x00000050   Code   RO         3320    .text               c_w.l(defsig_rtmem_inner.o)
    0x0000279c   0x0000001a   Code   RO         3335    .text               cpprt_w.l(arm_exceptions_terminate.o)
    0x000027b6   0x00000002   PAD
    0x000027b8   0x00000010   Code   RO         3368    .text               c_w.l(rt_ctype_table.o)
    0x000027c8   0x00000008   Code   RO         3370    .text               c_w.l(rt_locale.o)
    0x000027d0   0x0000008a   Code   RO         3379    .text               c_w.l(lludiv10.o)
    0x0000285a   0x00000420   Code   RO         3381    .text               c_w.l(_printf_fp_dec.o)
    0x00002c7a   0x00000002   PAD
    0x00002c7c   0x00000304   Code   RO         3383    .text               c_w.l(_printf_fp_hex.o)
    0x00002f80   0x0000002c   Code   RO         3386    .text               c_w.l(_printf_wchar.o)
    0x00002fac   0x000000e4   Code   RO         3388    .text               c_w.l(bigflt0.o)
    0x00003090   0x00000030   Code   RO         3416    .text               c_w.l(defsig_abrt_inner.o)
    0x000030c0   0x0000000e   Code   RO         3418    .text               c_w.l(defsig_abrt_outer.o)
    0x000030ce   0x00000002   PAD
    0x000030d0   0x00000050   Code   RO         3436    .text               cpprt_w.l(arm_exceptions_globs.o)
    0x00003120   0x00000008   Code   RO         3469    .text               c_w.l(rt_eh_globals_addr.o)
    0x00003128   0x00000080   Code   RO         3474    .text               c_w.l(_printf_fp_infnan.o)
    0x000031a8   0x0000031c   Code   RO         3476    .text               c_w.l(scanf_hexfp.o)
    0x000034c4   0x0000013c   Code   RO         3478    .text               c_w.l(scanf_infnan.o)
    0x00003600   0x0000003c   Code   RO         3485    .text               cpprt_w.l(arm_exceptions_mem.o)
    0x0000363c   0x00000026   Code   RO         3505    .text               c_w.l(llshl.o)
    0x00003662   0x0000003e   Code   RO         3391    CL$$btod_d2e        c_w.l(btod.o)
    0x000036a0   0x00000046   Code   RO         3393    CL$$btod_d2e_denorm_low  c_w.l(btod.o)
    0x000036e6   0x00000060   Code   RO         3392    CL$$btod_d2e_norm_op1  c_w.l(btod.o)
    0x00003746   0x00000338   Code   RO         3401    CL$$btod_div_common  c_w.l(btod.o)
    0x00003a7e   0x00000002   PAD
    0x00003a80   0x00000054   Code   RO         3399    CL$$btod_e2d        c_w.l(btod.o)
    0x00003ad4   0x000000c6   Code   RO         3398    CL$$btod_e2e        c_w.l(btod.o)
    0x00003b9a   0x00000028   Code   RO         3395    CL$$btod_ediv       c_w.l(btod.o)
    0x00003bc2   0x00000028   Code   RO         3397    CL$$btod_edivd      c_w.l(btod.o)
    0x00003bea   0x00000028   Code   RO         3394    CL$$btod_emul       c_w.l(btod.o)
    0x00003c12   0x00000028   Code   RO         3396    CL$$btod_emuld      c_w.l(btod.o)
    0x00003c3a   0x00000244   Code   RO         3400    CL$$btod_mult_common  c_w.l(btod.o)
    0x00003e7e   0x00000002   PAD
    0x00003e80   0x00000040   Code   RO         1867    i.EINT3_IRQHandler  basic_rf.o
    0x00003ec0   0x00000078   Code   RO         2329    i.SystemInit        system_LPC17xx.o
    0x00003f38   0x0000001c   Code   RO          289    i.TIMER0_IRQHandler  nrk_timer.o
    0x00003f54   0x00000018   Code   RO          290    i.TIMER1_IRQHandler  nrk_timer.o
    0x00003f6c   0x0000001c   Code   RO         2133    i._Z10mrf_cs_seth   mrf24j40.o
    0x00003f88   0x00000020   Code   RO         1149    i._Z11GPIO_SetDirhjh  ulib.o
    0x00003fa8   0x000000bc   Code   RO         1566    i._Z11bmac_tx_pktPch  bmac.o
    0x00004064   0x0000000c   Code   RO          945    i._Z11nrk_get_pidv  nrk_task.o
    0x00004070   0x0000002c   Code   RO         1152    i._Z11nrk_led_clri  ulib.o
    0x0000409c   0x0000002c   Code   RO         1153    i._Z11nrk_led_seti  ulib.o
    0x000040c8   0x00000028   Code   RO         1154    i._Z11set_PinFunchhh  ulib.o
    0x000040f0   0x0000006c   Code   RO         1568    i._Z12bmac_nw_taskv  bmac.o
    0x0000415c   0x0000000c   Code   RO         1569    i._Z12bmac_startedv  bmac.o
    0x00004168   0x00000028   Code   RO         2134    i._Z12mrf_set_addrt  mrf24j40.o
    0x00004190   0x000000bc   Code   RO         2135    i._Z12mrf_spi_inithhi  mrf24j40.o
    0x0000424c   0x00000184   Code   RO          489    i._Z12nrk_TCB_initP9task_typePjS1_tPvt  nrk.o
    0x000043d0   0x00000042   Code   RO         1157    i._Z12nrk_gpio_clrj  ulib.o
    0x00004412   0x00000042   Code   RO         1159    i._Z12nrk_gpio_setj  ulib.o
    0x00004454   0x0000000a   Code   RO         1870    i._Z12rf_data_modev  basic_rf.o
    0x0000445e   0x00000002   PAD
    0x00004460   0x00000018   Code   RO         1871    i._Z12rf_rx_packetv  basic_rf.o
    0x00004478   0x0000000a   Code   RO         1872    i._Z12rf_test_modev  basic_rf.o
    0x00004482   0x00000002   PAD
    0x00004484   0x0000011c   Code   RO         1873    i._Z12rf_tx_packetP10RF_TX_INFO  basic_rf.o
    0x000045a0   0x00000048   Code   RO         1160    i._Z12setupSPIPinsv  ulib.o
    0x000045e8   0x00000046   Code   RO         2931    i._Z12tbc_downcastPvPKSt9type_infoP28a_base_class_traversal_blockPN10__cxxabiv122__base_class_type_infoE  cpprt_w.l(rtti.o)
    0x0000462e   0x00000014   Code   RO         1161    i._Z13GPIO_SetValuehj  ulib.o
    0x00004642   0x00000002   PAD
    0x00004644   0x0000005c   Code   RO         2137    i._Z13mrf_gpio_initv  mrf24j40.o
    0x000046a0   0x0000004c   Code   RO         2138    i._Z13mrf_read_longt  mrf24j40.o
    0x000046ec   0x0000001c   Code   RO         2139    i._Z13mrf_reset_seth  mrf24j40.o
    0x00004708   0x00000030   Code   RO         2140    i._Z13mrf_set_panidt  mrf24j40.o
    0x00004738   0x0000001c   Code   RO         2141    i._Z13mrf_spi_writet  mrf24j40.o
    0x00004754   0x00000018   Code   RO          671    i._Z13nrk_error_addh  nrk_error.o
    0x0000476c   0x00000020   Code   RO          868    i._Z13nrk_idle_taskv  nrk_idle_task.o
    0x0000478c   0x00000022   Code   RO         1874    i._Z13rf_carrier_onv  basic_rf.o
    0x000047ae   0x00000018   Code   RO          291    i._Z14NVIC_EnableIRQ4IRQn  nrk_timer.o
    0x000047c6   0x00000002   PAD
    0x000047c8   0x0000000c   Code   RO          673    i._Z14_nrk_errno_seth  nrk_error.o
    0x000047d4   0x00000290   Code   RO          887    i._Z14_nrk_schedulerv  nrk_scheduler.o
    0x00004a64   0x0000003e   Code   RO         2143    i._Z14mrf_read_shorth  mrf24j40.o
    0x00004aa2   0x00000050   Code   RO         2144    i._Z14mrf_write_longth  mrf24j40.o
    0x00004af2   0x00000002   PAD
    0x00004af4   0x0000003c   Code   RO          764    i._Z14nrk_event_waitj  nrk_events.o
    0x00004b30   0x00000004   Code   RO          490    i._Z14nrk_int_enablev  nrk.o
    0x00004b34   0x00000022   Code   RO         1876    i._Z14rf_carrier_offv  basic_rf.o
    0x00004b56   0x00000002   Code   RO         1570    i._Z14rf_rx_callbackP10RF_RX_INFO  bmac.o
    0x00004b58   0x00000020   Code   RO         1877    i._Z14rf_set_channelh  basic_rf.o
    0x00004b78   0x00000046   Code   RO         1167    i._Z14setup_uartPinsv  ulib.o
    0x00004bbe   0x00000014   Code   RO         1168    i._Z15GPIO_ClearValuehj  ulib.o
    0x00004bd2   0x00000002   PAD
    0x00004bd4   0x00000034   Code   RO         1169    i._Z15GPIO_GetPointerh  ulib.o
    0x00004c08   0x00000028   Code   RO         1571    i._Z15bmac_rx_pkt_getPhS_  bmac.o
    0x00004c30   0x00000040   Code   RO         2145    i._Z15mrf_write_shorthh  mrf24j40.o
    0x00004c70   0x00000004   Code   RO          491    i._Z15nrk_int_disablev  nrk.o
    0x00004c74   0x00000004   Code   RO         1171    i._Z15nrk_setup_portsv  ulib.o
    0x00004c78   0x00000002   Code   RO          913    i._Z15nrk_stack_checkv  nrk_stack_check.o
    0x00004c7a   0x00000002   PAD
    0x00004c7c   0x0000001c   Code   RO         1878    i._Z15rf_rx_check_ccav  basic_rf.o
    0x00004c98   0x00000026   Code   RO         1172    i._Z16PINSEL_ConfigPinP15PINSEL_CFG_Type  ulib.o
    0x00004cbe   0x00000002   PAD
    0x00004cc0   0x0000009c   Code   RO          292    i._Z16_nrk_setup_timerv  nrk_timer.o
    0x00004d5c   0x0000004c   Code   RO         1573    i._Z16bmac_task_configv  bmac.o
    0x00004da8   0x00000034   Code   RO         2146    i._Z16mrf_gpioint_initv  mrf24j40.o
    0x00004ddc   0x0000008c   Code   RO          767    i._Z16nrk_event_signala  nrk_events.o
    0x00004e68   0x00000004   Code   RO          293    i._Z16nrk_spin_wait_usj  nrk_timer.o
    0x00004e6c   0x0000000a   Code   RO            2    i._Z16nrk_target_startv  nrk_cpu.o
    0x00004e76   0x0000001e   Code   RO            3    i._Z16nrk_task_set_stkP9task_typePjt  nrk_cpu.o
    0x00004e94   0x00000028   Code   RO         1881    i._Z16rf_polling_rx_onv  basic_rf.o
    0x00004ebc   0x00000028   Code   RO         1174    i._Z16set_ResistorModehhh  ulib.o
    0x00004ee4   0x0000000a   Code   RO          294    i._Z17_nrk_os_timer_getv  nrk_timer.o
    0x00004eee   0x00000002   PAD
    0x00004ef0   0x00000074   Code   RO          949    i._Z17nrk_activate_taskP9task_type  nrk_task.o
    0x00004f64   0x000000ac   Code   RO          950    i._Z17nrk_add_to_readyQa  nrk_task.o
    0x00005010   0x00000030   Code   RO          768    i._Z17nrk_signal_createv  nrk_events.o
    0x00005040   0x00000070   Code   RO            4    i._Z17nrk_task_stk_initPFvvEPjS1_  nrk_cpu.o
    0x000050b0   0x00000044   Code   RO          951    i._Z17nrk_wait_until_nwv  nrk_task.o
    0x000050f4   0x0000002c   Code   RO         1885    i._Z17rf_set_cca_thresha  basic_rf.o
    0x00005120   0x00000024   Code   RO         1176    i._Z17set_OpenDrainModehhh  ulib.o
    0x00005144   0x00000016   Code   RO         2932    i._Z17tbc_post_downcastPvPKSt9type_infoP28a_base_class_traversal_blockPN10__cxxabiv122__base_class_type_infoE  cpprt_w.l(rtti.o)
    0x0000515a   0x00000002   PAD
    0x0000515c   0x00000040   Code   RO         1070    i._Z18_nrk_time_to_ticksP10nrk_time_t  nrk_time.o
    0x0000519c   0x00000094   Code   RO         2282    i._Z18nrk_create_tasksetv  main.o
    0x00005230   0x00000020   Code   RO         1887    i._Z18rf_auto_ack_enablev  basic_rf.o
    0x00005250   0x000000b0   Code   RO         1888    i._Z18rf_parse_rx_packetv  basic_rf.o
    0x00005300   0x00000020   Code   RO         1576    i._Z19_bmac_channel_checkv  bmac.o
    0x00005320   0x00000010   Code   RO          299    i._Z19_nrk_os_timer_resetv  nrk_timer.o
    0x00005330   0x0000000e   Code   RO          300    i._Z19_nrk_os_timer_startv  nrk_timer.o
    0x0000533e   0x00000002   PAD
    0x00005340   0x0000000c   Code   RO         1577    i._Z19bmac_rx_pkt_releasev  bmac.o
    0x0000534c   0x0000000a   Code   RO         1579    i._Z19bmac_set_cca_thresha  bmac.o
    0x00005356   0x00000002   PAD
    0x00005358   0x00000054   Code   RO          953    i._Z19nrk_rem_from_readyQa  nrk_task.o
    0x000053ac   0x00000028   Code   RO          770    i._Z19nrk_signal_registera  nrk_events.o
    0x000053d4   0x00000020   Code   RO         1890    i._Z19rf_auto_ack_disablev  basic_rf.o
    0x000053f4   0x0000000c   Code   RO          303    i._Z20_nrk_get_next_wakeupv  nrk_timer.o
    0x00005400   0x0000000a   Code   RO          304    i._Z20_nrk_set_next_wakeuph  nrk_timer.o
    0x0000540a   0x00000002   PAD
    0x0000540c   0x0000000c   Code   RO          675    i._Z20nrk_kernel_error_addhh  nrk_error.o
    0x00005418   0x00000044   Code   RO          955    i._Z20nrk_wait_until_tickst  nrk_task.o
    0x0000545c   0x0000000a   Code   RO         1583    i._Z21bmac_auto_ack_disablev  bmac.o
    0x00005466   0x00000002   PAD
    0x00005468   0x000000a8   Code   RO         2933    i._Z21traverse_base_classesPvPKSt9type_infoP28a_base_class_traversal_blockPN10__cxxabiv122__base_class_type_infoE  cpprt_w.l(rtti.o)
    0x00005510   0x00000020   Code   RO         1586    i._Z22bmac_rx_pkt_set_bufferPch  bmac.o
    0x00005530   0x00000034   Code   RO         1588    i._Z22bmac_wait_until_rx_pktv  bmac.o
    0x00005564   0x00000078   Code   RO            5    i._Z22nrk_stack_pointer_initv  nrk_cpu.o
    0x000055dc   0x00000016   Code   RO         1895    i._Z22rf_addr_decode_disablev  basic_rf.o
    0x000055f2   0x00000002   PAD
    0x000055f4   0x00000014   Code   RO         1053    i._Z23_nrk_wait_for_schedulerv  nrk_task.o
    0x00005608   0x00000018   Code   RO         1592    i._Z23bmac_get_tx_done_signalv  bmac.o
    0x00005620   0x000000c0   Code   RO         2934    i._Z23find_base_class_at_addrPvS_PKSt9type_infoS2_Pi  cpprt_w.l(rtti.o)
    0x000056e0   0x0000000c   Code   RO          306    i._Z25_nrk_high_speed_timer_getv  nrk_timer.o
    0x000056ec   0x00000032   Code   RO          307    i._Z25nrk_high_speed_timer_waittt  nrk_timer.o
    0x0000571e   0x00000002   PAD
    0x00005720   0x00000070   Code   RO            6    i._Z25nrk_stack_pointer_restorev  nrk_cpu.o
    0x00005790   0x0000000c   Code   RO          956    i._Z26nrk_get_high_ready_task_IDv  nrk_task.o
    0x0000579c   0x00000044   Code   RO          957    i._Z26nrk_wait_until_next_periodv  nrk_task.o
    0x000057e0   0x00000018   Code   RO          309    i._Z27_nrk_high_speed_timer_resetv  nrk_timer.o
    0x000057f8   0x00000004   Code   RO            7    i._Z27nrk_task_set_entry_functionP9task_typePFvvE  nrk_cpu.o
    0x000057fc   0x000001e8   Code   RO         2935    i._Z28derived_to_base_conversion_rPvPS_PKSt9type_infoS3_jPiiPS3_P19a_result_virtualityS4_  cpprt_w.l(rtti.o)
    0x000059e4   0x0000004c   Code   RO          958    i._Z29nrk_wait_until_next_n_periodst  nrk_task.o
    0x00005a30   0x00000024   Code   RO         1601    i._Z6_b_powh        bmac.o
    0x00005a54   0x00000002   Code   RO         1127    i._Z7halWaitt       hal_wait.o
    0x00005a56   0x00000002   PAD
    0x00005a58   0x000000a4   Code   RO         1186    i._Z7initLEDv       ulib.o
    0x00005afc   0x00000050   Code   RO         1900    i._Z7rf_initP10RF_RX_INFOhtt  basic_rf.o
    0x00005b4c   0x000000b8   Code   RO         2283    i._Z7rx_taskv       main.o
    0x00005c04   0x000000e0   Code   RO         2284    i._Z7tx_taskv       main.o
    0x00005ce4   0x00000068   Code   RO         1602    i._Z8_bmac_rxv      bmac.o
    0x00005d4c   0x000000c8   Code   RO         1603    i._Z8_bmac_txv      bmac.o
    0x00005e14   0x00000020   Code   RO         2147    i._Z8mrf_initv      mrf24j40.o
    0x00005e34   0x0000002a   Code   RO         2148    i._Z8mrf_rssiv      mrf24j40.o
    0x00005e5e   0x00000002   PAD
    0x00005e60   0x000000ac   Code   RO          493    i._Z8nrk_initv      nrk.o
    0x00005f0c   0x00000054   Code   RO          959    i._Z8nrk_wait10nrk_time_t  nrk_task.o
    0x00005f60   0x0000001c   Code   RO         1901    i._Z8rf_rx_onv      basic_rf.o
    0x00005f7c   0x00000016   Code   RO         1187    i._Z9PORT_INITv     ulib.o
    0x00005f92   0x00000002   PAD
    0x00005f94   0x000000d0   Code   RO         1604    i._Z9bmac_inith     bmac.o
    0x00006064   0x000000a0   Code   RO         1189    i._Z9initDEBUGv     ulib.o
    0x00006104   0x000000de   Code   RO         2150    i._Z9mrf_resetv     mrf24j40.o
    0x000061e2   0x00000002   PAD
    0x000061e4   0x0000008c   Code   RO          494    i._Z9nrk_startv     nrk.o
    0x00006270   0x0000001c   Code   RO         1902    i._Z9rf_rx_offv     basic_rf.o
    0x0000628c   0x00000030   Code   RO         2785    i._ZN4mbed4Base5clearEPKcPc  mbed.ar(Base.cpp.lpc1768.arm.o)
    0x000062bc   0x00000038   Code   RO         2786    i._ZN4mbed4Base6lookupEPKcj  mbed.ar(Base.cpp.lpc1768.arm.o)
    0x000062f4   0x00000040   Code   RO         2789    i._ZN4mbed4Base9list_objsEPKcPc  mbed.ar(Base.cpp.lpc1768.arm.o)
    0x00006334   0x00000020   Code   RO         3205    i._ZNKSt9type_infoeqERKS_  cpprt_w.l(type_info_eq.o)
    0x00006354   0x00000008   Code   RO         3181    i._ZdaPv            cpprt_w.l(array_del.o)
    0x0000635c   0x00000008   Code   RO         2925    i._ZdlPv            cpprt_w.l(delete.o)
    0x00006364   0x00000020   Code   RO         2956    i.__ARM_common_get_typeid  cpprt_w.l(rtti.o)
    0x00006384   0x00000028   Code   RO         3499    i.__ARM_fpclassify  m_ws.l(fpclassify.o)
    0x000063ac   0x00000070   Code   RO         2936    i.__derived_to_base_conversion  cpprt_w.l(rtti.o)
    0x0000641c   0x000000b0   Code   RO         2937    i.__dynamic_cast    cpprt_w.l(rtti.o)
    0x000064cc   0x00000010   Code   RO         3529    i.__mathlib_dbl_underflow  m_ws.l(dunder.o)
    0x000064dc   0x0000000a   Code   RO         3366    i.__mathlib_flt_underflow  m_ws.l(funder.o)
    0x000064e6   0x00000010   Code   RO         3463    i.__mathlib_narrow  m_ws.l(narrow.o)
    0x000064f6   0x00000002   PAD
    0x000064f8   0x00000088   Code   RO         3464    i.__mathlib_tofloat  m_ws.l(narrow.o)
    0x00006580   0x00000016   Code   RO         3516    i.__support_ldexp   m_ws.l(ldexp.o)
    0x00006596   0x00000002   PAD
    0x00006598   0x0000000c   Code   RO         2333    i.__user_setup_stackheap  stackheap.o
    0x000065a4   0x0000000e   Code   RO         2414    i._is_digit         c_w.l(__printf_wp.o)
    0x000065b2   0x00000004   Code   RO          495    i._nrk_timer_tick   nrk.o
    0x000065b6   0x00000002   PAD
    0x000065b8   0x0000002c   Code   RO         2543    i._sys_close        mbed.ar(stdio.cpp.lpc1768.arm.o)
    0x000065e4   0x00000028   Code   RO         2546    i._sys_flen         mbed.ar(stdio.cpp.lpc1768.arm.o)
    0x0000660c   0x00000028   Code   RO         2547    i._sys_istty        mbed.ar(stdio.cpp.lpc1768.arm.o)
    0x00006634   0x00000184   Code   RO         2548    i._sys_open         mbed.ar(stdio.cpp.lpc1768.arm.o)
    0x000067b8   0x0000002c   Code   RO         2550    i._sys_seek         mbed.ar(stdio.cpp.lpc1768.arm.o)
    0x000067e4   0x00000054   Code   RO         2551    i._sys_write        mbed.ar(stdio.cpp.lpc1768.arm.o)
    0x00006838   0x00000016   Code   RO         2777    i.exit              capi.ar(exit.c.lpc1768.arm.o)
    0x0000684e   0x0000001a   Code   RO         2482    i.fputc             c_w.l(fputc.o)
    0x00006868   0x00000058   Code   RO         3502    i.frexp             m_ws.l(frexp.o)
    0x000068c0   0x00000030   Code   RO         3236    i.gpio_output       capi.ar(gpio_api.c.lpc1768.arm.o)
    0x000068f0   0x00000018   Code   RO         3238    i.gpio_write        capi.ar(gpio_api.c.lpc1768.arm.o)
    0x00006908   0x0000007e   Code   RO         3517    i.ldexp             m_ws.l(ldexp.o)
    0x00006986   0x0000001a   Code   RO         2285    i.main              main.o
    0x000069a0   0x00000078   Code   RO         3059    i.mbed_die          capi.ar(utils_api.c.lpc1768.arm.o)
    0x00006a18   0x00000038   Code   RO         3093    i.pin_function      capi.ar(pinmap.c.lpc1768.arm.o)
    0x00006a50   0x00000038   Code   RO         3094    i.pin_mode          capi.ar(pinmap.c.lpc1768.arm.o)
    0x00006a88   0x0000003c   Code   RO         3095    i.pinmap_merge      capi.ar(pinmap.c.lpc1768.arm.o)
    0x00006ac4   0x00000058   Code   RO         3096    i.pinmap_peripheral  capi.ar(pinmap.c.lpc1768.arm.o)
    0x00006b1c   0x000000a4   Code   RO         3097    i.pinmap_pinout     capi.ar(pinmap.c.lpc1768.arm.o)
    0x00006bc0   0x0000005a   Code   RO         3227    i.scalbnf           m_ws.l(scalbnf.o)
    0x00006c1a   0x0000000c   Code   RO         3069    i.semihost_exit     capi.ar(semihost_api.c.lpc1768.arm.o)
    0x00006c26   0x00000002   PAD
    0x00006c28   0x00000100   Code   RO         2756    i.serial_baud       capi.ar(serial_api.c.lpc1768.arm.o)
    0x00006d28   0x00000094   Code   RO         2758    i.serial_format     capi.ar(serial_api.c.lpc1768.arm.o)
    0x00006dbc   0x000000e4   Code   RO         2761    i.serial_init       capi.ar(serial_api.c.lpc1768.arm.o)
    0x00006ea0   0x0000000c   Code   RO         2763    i.serial_putc       capi.ar(serial_api.c.lpc1768.arm.o)
    0x00006eac   0x00000014   Code   RO         2352    i.timer_frequency   capi.ar(timer_api.c.lpc1768.arm.o)
    0x00006ec0   0x00000070   Code   RO         2353    i.timer_init        capi.ar(timer_api.c.lpc1768.arm.o)
    0x00006f30   0x00000004   Code   RO         2354    i.timer_read        capi.ar(timer_api.c.lpc1768.arm.o)
    0x00006f34   0x0000000c   Code   RO         2355    i.timer_start       capi.ar(timer_api.c.lpc1768.arm.o)
    0x00006f40   0x00000038   Code   RO         2348    i.us_ticker_read    capi.ar(us_ticker_api.c.lpc1768.arm.o)
    0x00006f78   0x0000001c   Code   RO         2343    i.wait_ms           capi.ar(wait_api.c.lpc1768.arm.o)
    0x00006f94   0x00000016   Code   RO         2344    i.wait_us           capi.ar(wait_api.c.lpc1768.arm.o)
    0x00006faa   0x00000002   PAD
    0x00006fac   0x0000002c   Code   RO         3414    locale$$code        c_w.l(lc_numeric_c.o)
    0x00006fd8   0x0000002c   Code   RO         3481    locale$$code        c_w.l(lc_ctype_c.o)
    0x00007004   0x00000062   Code   RO         3491    x$fpl$d2f           fz_ws.l(d2f.o)
    0x00007066   0x00000002   PAD
    0x00007068   0x00000010   Code   RO         3527    x$fpl$dcheck1       fz_ws.l(dcheck1.o)
    0x00007078   0x00000018   Code   RO         3507    x$fpl$dcmpinf       fz_ws.l(dcmpi.o)
    0x00007090   0x00000078   Code   RO         3493    x$fpl$deqf          fz_ws.l(deqf.o)
    0x00007108   0x00000078   Code   RO         3509    x$fpl$dleqf         fz_ws.l(dleqf.o)
    0x00007180   0x0000009c   Code   RO         2532    x$fpl$dnaninf       fz_ws.l(dnaninf.o)
    0x0000721c   0x0000006c   Code   RO         3495    x$fpl$drleqf        fz_ws.l(drleqf.o)
    0x00007288   0x000000c4   Code   RO         3208    x$fpl$fadd          fz_ws.l(faddsub_clz.o)
    0x0000734c   0x0000000c   Code   RO         3452    x$fpl$fcheck1       fz_ws.l(fcheck1.o)
    0x00007358   0x00000184   Code   RO         3215    x$fpl$fdiv          fz_ws.l(fdiv.o)
    0x000074dc   0x00000036   Code   RO         3218    x$fpl$ffix          fz_ws.l(ffix.o)
    0x00007512   0x00000002   PAD
    0x00007514   0x00000030   Code   RO         2458    x$fpl$fflt          fz_ws.l(fflt_clz.o)
    0x00007544   0x00000026   Code   RO         2457    x$fpl$ffltu         fz_ws.l(fflt_clz.o)
    0x0000756a   0x00000002   PAD
    0x0000756c   0x00000102   Code   RO         2463    x$fpl$fmul          fz_ws.l(fmul.o)
    0x0000766e   0x0000008c   Code   RO         2536    x$fpl$fnaninf       fz_ws.l(fnaninf.o)
    0x000076fa   0x0000000e   Code   RO         3222    x$fpl$fpinit        fz_ws.l(fpinit.o)
    0x00007708   0x0000000a   Code   RO         2538    x$fpl$fretinf       fz_ws.l(fretinf.o)
    0x00007712   0x00000002   PAD
    0x00007714   0x000000ea   Code   RO         3210    x$fpl$fsub          fz_ws.l(faddsub_clz.o)
    0x000077fe   0x00000004   Code   RO         3356    x$fpl$printf1       fz_ws.l(printf1.o)
    0x00007802   0x00000004   Code   RO         3358    x$fpl$printf2       fz_ws.l(printf2.o)
    0x00007806   0x00000064   Code   RO         3497    x$fpl$retnan        fz_ws.l(retnan.o)
    0x0000786a   0x0000005c   Code   RO         3511    x$fpl$scalbn        fz_ws.l(scalbn.o)
    0x000078c6   0x0000004c   Code   RO         3364    x$fpl$scalbnf       fz_ws.l(scalbnf.o)
    0x00007912   0x00000004   Code   RO         3224    x$fpl$scanf1        fz_ws.l(scanf1.o)
    0x00007916   0x00000008   Code   RO         3457    x$fpl$scanf2        fz_ws.l(scanf2.o)
    0x0000791e   0x00000030   Code   RO         3513    x$fpl$trapveneer    fz_ws.l(trapv.o)
    0x0000794e   0x00000000   Code   RO         2540    x$fpl$usenofp       fz_ws.l(usenofp.o)
    0x0000794e   0x00000028   Data   RO         2402    .constdata          c_w.l(_printf_hex_int_ll_ptr.o)
    0x00007976   0x00000011   Data   RO         2422    .constdata          c_w.l(__printf_flags_ss_wp.o)
    0x00007987   0x00000017   Data   RO         2602    .constdata          mbed.ar(stdio.cpp.lpc1768.arm.o)
    0x0000799e   0x00000002   PAD
    0x000079a0   0x00000154   Data   RO         2766    .constdata          capi.ar(serial_api.c.lpc1768.arm.o)
    0x00007af4   0x00000018   Data   RO         2812    .constdata          mbed.ar(Base.cpp.lpc1768.arm.o)
    0x00007b0c   0x00000008   Data   RO         3277    .constdata          c_w.l(_printf_wctomb.o)
    0x00007b14   0x00000026   Data   RO         3384    .constdata          c_w.l(_printf_fp_hex.o)
    0x00007b3a   0x00000002   PAD
    0x00007b3c   0x00000094   Data   RO         3389    .constdata          c_w.l(bigflt0.o)
    0x00007bd0   0x0000000c   Data   RO         3043    .constdata__ZTIN10__cxxabiv117__class_type_infoE  cpprt_w.l(lib_rtti_impl.o)
    0x00007bdc   0x0000000c   Data   RO         3044    .constdata__ZTIN10__cxxabiv120__si_class_type_infoE  cpprt_w.l(lib_rtti_impl.o)
    0x00007be8   0x0000000c   Data   RO         3045    .constdata__ZTIN10__cxxabiv121__vmi_class_type_infoE  cpprt_w.l(lib_rtti_impl.o)
    0x00007bf4   0x00000008   Data   RO         2633    .constdata__ZTIN4mbed10FileHandleE  mbed.ar(stdio.cpp.lpc1768.arm.o)
    0x00007bfc   0x0000000c   Data   RO         2632    .constdata__ZTIN4mbed14FileSystemLikeE  mbed.ar(stdio.cpp.lpc1768.arm.o)
    0x00007c08   0x00000008   Data   RO         2837    .constdata__ZTIN4mbed4BaseE  mbed.ar(Base.cpp.lpc1768.arm.o)
    0x00007c10   0x00000020   Data   RO         2631    .constdata__ZTIN4mbed8FileLikeE  mbed.ar(stdio.cpp.lpc1768.arm.o)
    0x00007c30   0x00000008   Data   RO         3203    .constdata__ZTISt9type_info  cpprt_w.l(type_info_dtor.o)
    0x00007c38   0x00000022   Data   RO         3053    .constdata__ZTSN10__cxxabiv117__class_type_infoE  cpprt_w.l(lib_rtti_impl.o)
    0x00007c5a   0x00000025   Data   RO         3054    .constdata__ZTSN10__cxxabiv120__si_class_type_infoE  cpprt_w.l(lib_rtti_impl.o)
    0x00007c7f   0x00000026   Data   RO         3055    .constdata__ZTSN10__cxxabiv121__vmi_class_type_infoE  cpprt_w.l(lib_rtti_impl.o)
    0x00007ca5   0x00000014   Data   RO         2636    .constdata__ZTSN4mbed10FileHandleE  mbed.ar(stdio.cpp.lpc1768.arm.o)
    0x00007cb9   0x00000018   Data   RO         2635    .constdata__ZTSN4mbed14FileSystemLikeE  mbed.ar(stdio.cpp.lpc1768.arm.o)
    0x00007cd1   0x0000000d   Data   RO         2841    .constdata__ZTSN4mbed4BaseE  mbed.ar(Base.cpp.lpc1768.arm.o)
    0x00007cde   0x00000011   Data   RO         2634    .constdata__ZTSN4mbed8FileLikeE  mbed.ar(stdio.cpp.lpc1768.arm.o)
    0x00007cef   0x0000000d   Data   RO         3204    .constdata__ZTSSt9type_info  cpprt_w.l(type_info_dtor.o)
    0x00007cfc   0x00000010   Data   RO         3028    .constdata__ZTVN10__cxxabiv117__class_type_infoE  cpprt_w.l(lib_rtti_impl.o)
    0x00007d0c   0x00000010   Data   RO         3030    .constdata__ZTVN10__cxxabiv120__si_class_type_infoE  cpprt_w.l(lib_rtti_impl.o)
    0x00007d1c   0x00000010   Data   RO         3032    .constdata__ZTVN10__cxxabiv121__vmi_class_type_infoE  cpprt_w.l(lib_rtti_impl.o)
    0x00007d2c   0x0000000e   Data   RO         2814    .conststring        mbed.ar(Base.cpp.lpc1768.arm.o)
    0x00007d3a   0x00000005   Data   RO         2815    .conststring        mbed.ar(Base.cpp.lpc1768.arm.o)
    0x00007d3f   0x00000001   PAD
    0x00007d40   0x00000020   Data   RO         3532    Region$$Table       anon$$obj.o
    0x00007d60   0x00000008   Data   RO         3454    c$$dinf             fz_ws.l(fpconst.o)
    0x00007d68   0x0000001c   Data   RO         3413    locale$$data        c_w.l(lc_numeric_c.o)
    0x00007d84   0x00000110   Data   RO         3480    locale$$data        c_w.l(lc_ctype_c.o)


    Execution Region RW_IRAM1 (Base: 0x10000000, Size: 0x00000c08, Max: 0x00008000, ABSOLUTE, COMPRESSED[0x00000014])

    Base Addr    Size         Type   Attr      Idx    E Section Name        Object

    0x10000000   0x000000c4   Data   RW         2339    .ARM.__AT_0x10000000  cmsis_nvic.o
    0x100000c4   0x00000002   Data   RW          333    .data               nrk_timer.o
    0x100000c6   0x00000002   PAD
    0x100000c8   0x00000004   Data   RW          506    .data               nrk.o
    0x100000cc   0x00000001   Data   RW          507    .data               nrk.o
    0x100000cd   0x00000003   PAD
    0x100000d0   0x00000014   Data   RW          508    .data               nrk.o
    0x100000e4   0x00000008   Data   RW          511    .data               nrk.o
    0x100000ec   0x00000002   Data   RW          689    .data               nrk_error.o
    0x100000ee   0x00000002   PAD
    0x100000f0   0x00000004   Data   RW          787    .data               nrk_events.o
    0x100000f4   0x00000008   Data   RW          889    .data               nrk_scheduler.o
    0x100000fc   0x00000018   Data   RW         1646    .data               bmac.o
    0x10000114   0x00000006   Data   RW         1942    .data               basic_rf.o
    0x1000011a   0x00000004   Data   RW         2173    .data               mrf24j40.o
    0x1000011e   0x00000004   Data   RW         2291    .data               main.o
    0x10000122   0x00000002   PAD
    0x10000124   0x00000004   Data   RW         2330    .data               system_LPC17xx.o
    0x10000128   0x00000004   Data   RW         2349    .data               capi.ar(us_ticker_api.c.lpc1768.arm.o)
    0x1000012c   0x00000004   Data   RW         2433    .data               c_w.l(stdio_streams.o)
    0x10000130   0x00000004   Data   RW         2434    .data               c_w.l(stdio_streams.o)
    0x10000134   0x00000004   Data   RW         2435    .data               c_w.l(stdio_streams.o)
    0x10000138   0x00000008   Data   RW         2816    .data               mbed.ar(Base.cpp.lpc1768.arm.o)
    0x10000140   0x0000000c   Data   RW         2817    .data               mbed.ar(Base.cpp.lpc1768.arm.o)
    0x1000014c   0x00000004   Data   RW         3173    .data               c_w.l(heapauxa.o)
    0x10000150   0x00000080   Zero   RW          504    .bss                nrk.o
    0x100001d0   0x0000016c   Zero   RW          505    .bss                nrk.o
    0x1000033c   0x00000148   Zero   RW         1645    .bss                bmac.o
    0x10000484   0x0000000c   Zero   RW         1941    .bss                basic_rf.o
    0x10000490   0x0000053e   Zero   RW         2290    .bss                main.o
    0x100009ce   0x00000002   PAD
    0x100009d0   0x00000050   Zero   RW         2430    .bss                c_w.l(stdio_streams.o)
    0x10000a20   0x00000050   Zero   RW         2431    .bss                c_w.l(stdio_streams.o)
    0x10000a70   0x00000050   Zero   RW         2432    .bss                c_w.l(stdio_streams.o)
    0x10000ac0   0x000000e4   Zero   RW         2438    .bss                c_w.l(rand.o)
    0x10000ba4   0x00000040   Zero   RW         2601    .bss                mbed.ar(stdio.cpp.lpc1768.arm.o)
    0x10000be4   0x00000004   Zero   RW         2863    .bss                c_w.l(rt_heap_descriptor.o)
    0x10000be8   0x00000004   Zero   RW         3250    .bss                c_w.l(rt_fp_status_addr.o)
    0x10000bec   0x00000004   Zero   RW         3260    .bss                c_w.l(rt_errno_addr.o)
    0x10000bf0   0x00000014   Zero   RW         3371    .bss                c_w.l(rt_locale.o)
    0x10000c04   0x00000004   Zero   RW         3470    .bss                c_w.l(rt_eh_globals_addr.o)


    Execution Region RW_IRAM2 (Base: 0x2007c000, Size: 0x00000000, Max: 0x00004000, ABSOLUTE)

    **** No section assigned to this execution region ****


    Execution Region RW_IRAM3 (Base: 0x20080000, Size: 0x00000000, Max: 0x00004000, ABSOLUTE)

    **** No section assigned to this execution region ****


    Execution Region RW_IRAM4 (Base: 0x40038000, Size: 0x00000000, Max: 0x00000800, ABSOLUTE)

    **** No section assigned to this execution region ****


==============================================================================

Image component sizes


      Code (inc. data)   RO Data    RW Data    ZI Data      Debug   Object Name

      1002        106          0          6         12      12878   basic_rf.o
      1146        264          0         24        328      12694   bmac.o
         0          0          0        196          0          0   cmsis_nvic.o
         2          0          0          0          0        446   hal_wait.o
       582        204          0          4       1342       4044   main.o
      1082         68          0          4          0       9729   mrf24j40.o
       120         14          0          0          0        272   my_asm.o
       712         36          0         33        492       5809   nrk.o
       388         26          0          0          0      36742   nrk_cpu.o
        48         18          0          2          0       2555   nrk_error.o
       288         32          0          4          0       2849   nrk_events.o
        32          6          0          0          0        508   nrk_idle_task.o
       656         40          0          8          0       1542   nrk_scheduler.o
         2          0          0          0          0        446   nrk_stack_check.o
       780         86          0          0          0       7918   nrk_task.o
        64          8          0          0          0       1854   nrk_time.o
       384         38          0          2          0      12841   nrk_timer.o
        12          4          0          0          0         60   stackheap.o
        40         12        196          0          0        220   startup_LPC17xx.o
       120         10          0          4          0         60   system_LPC17xx.o
       990         36          0          0          0      12345   ulib.o

    ----------------------------------------------------------------------
      8490       1008        228        296       2176     125812   Object Totals
         0          0         32          0          0          0   (incl. Generated)
        40          0          0          9          2          0   (incl. Padding)

    ----------------------------------------------------------------------

      Code (inc. data)   RO Data    RW Data    ZI Data      Debug   Library Member Name

        24          4          0          0          0         84   __2printf.o
        44          6          0          0          0         84   __2sprintf.o
        58          0          0          0          0          0   __dczerorl.o
         8          0          0          0          0         68   __main.o
       396          6         17          0          0         92   __printf_flags_ss_wp.o
        14          0          0          0          0         68   __printf_wp.o
        52          8          0          0          0          0   __scatter.o
        28          0          0          0          0          0   __scatter_zi.o
        28          0          0          0          0         68   _chval.o
        60          0          0          0          0         92   _mbrtowc.o
         6          0          0          0          0          0   _printf_a.o
         6          0          0          0          0          0   _printf_c.o
        44          0          0          0          0        108   _printf_char.o
        48          6          0          0          0         96   _printf_char_common.o
        36          4          0          0          0         80   _printf_char_file.o
        42          0          0          0          0         68   _printf_charcount.o
         6          0          0          0          0          0   _printf_d.o
       120         18          0          0          0         92   _printf_dec.o
         6          0          0          0          0          0   _printf_e.o
         6          0          0          0          0          0   _printf_f.o
      1056          0          0          0          0        216   _printf_fp_dec.o
       772         10         38          0          0        100   _printf_fp_hex.o
       128         16          0          0          0         84   _printf_fp_infnan.o
         6          0          0          0          0          0   _printf_g.o
       156          6         40          0          0        160   _printf_hex_int_ll_ptr.o
         6          0          0          0          0          0   _printf_i.o
       184          0          0          0          0         88   _printf_intcommon.o
        10          0          0          0          0          0   _printf_l.o
         6          0          0          0          0          0   _printf_lc.o
        10          0          0          0          0          0   _printf_ll.o
         6          0          0          0          0          0   _printf_lld.o
         6          0          0          0          0          0   _printf_lli.o
         6          0          0          0          0          0   _printf_llo.o
         6          0          0          0          0          0   _printf_llu.o
         6          0          0          0          0          0   _printf_llx.o
       120         16          0          0          0         92   _printf_longlong_dec.o
         6          0          0          0          0          0   _printf_ls.o
         6          0          0          0          0          0   _printf_n.o
         6          0          0          0          0          0   _printf_o.o
       120          8          0          0          0        124   _printf_oct_int_ll.o
         6          0          0          0          0          0   _printf_p.o
        82          0          0          0          0        108   _printf_pad.o
         0          0          0          0          0          0   _printf_percent.o
         4          0          0          0          0          0   _printf_percent_end.o
         6          0          0          0          0          0   _printf_s.o
        82          0          0          0          0         80   _printf_str.o
        36          0          0          0          0         84   _printf_truncate.o
         6          0          0          0          0          0   _printf_u.o
        44          0          0          0          0        108   _printf_wchar.o
       188          6          8          0          0         92   _printf_wctomb.o
         6          0          0          0          0          0   _printf_x.o
        22          0          0          0          0        100   _rserrno.o
       888          6          0          0          0        100   _scanf.o
       336          0          0          0          0         96   _scanf_int.o
       332          0          0          0          0         96   _scanf_longlong.o
       280          0          0          0          0        100   _scanf_mbtowc.o
       218          0          0          0          0         96   _scanf_str.o
        30          0          0          0          0         76   _scanf_wcharmap.o
       226          0          0          0          0        100   _scanf_wctomb.o
       202          0          0          0          0         96   _scanf_wstr.o
        64          0          0          0          0         84   _sgetc.o
        10          0          0          0          0         68   _sputc.o
        64          0          0          0          0         92   _wcrtomb.o
        16          0          0          0          0         72   abort.o
       124         40          0          0          0         76   assert.o
        24          6          0          0          0         80   assert_stdio.o
       228          6        148          0          0         96   bigflt0.o
      2074        132          0          0          0        940   btod.o
        48         34          0          0          0         76   defsig_abrt_inner.o
        14          0          0          0          0         80   defsig_abrt_outer.o
        10          0          0          0          0         68   defsig_exit.o
        50          0          0          0          0         88   defsig_general.o
        80         58          0          0          0         76   defsig_rtmem_inner.o
        14          0          0          0          0         80   defsig_rtmem_outer.o
        52         38          0          0          0         76   defsig_rtred_inner.o
        14          0          0          0          0         80   defsig_rtred_outer.o
        76          0          0          0          0         88   fclose.o
         8          0          0          0          0         68   ferror.o
       100          4          0          0          0        120   fflush.o
       480          0          0          0          0         88   flsbuf.o
       236          4          0          0          0        128   fopen.o
        20          0          0          0          0         84   fprintf.o
        26          0          0          0          0         68   fputc.o
        34          0          0          0          0         80   fputs.o
       248          4          0          0          0         84   fseek.o
        70          0          0          0          0         76   ftell.o
        94          0          0          0          0         80   h1_alloc.o
        52          0          0          0          0         68   h1_extend.o
        78          0          0          0          0         80   h1_free.o
        14          0          0          0          0         84   h1_init.o
        76          4          0          4          0         96   heapauxa.o
         4          0          0          0          0        136   hguard.o
         0          0          0          0          0          0   indicate_semi.o
       138          0          0          0          0        168   init_alloc.o
       312         46          0          0          0        112   initio.o
        18          0          0          0          0         76   isspace.o
        44         10        272          0          0         76   lc_ctype_c.o
        44         10         28          0          0         76   lc_numeric_c.o
         6          0          0          0          0          0   libinit.o
        46          0          0          0          0          0   libinit2.o
         0          0          0          0          0          0   libshutdown2.o
        38          0          0          0          0         68   llshl.o
       138          0          0          0          0         80   lludiv10.o
       238          0          0          0          0        100   lludivv7m.o
         0          0          0          0          0          0   maybetermalloc1.o
       112         18          0          0        228        160   rand.o
        16          4          0          0          0         76   rt_ctype_table.o
         8          4          0          0          4         68   rt_eh_globals_addr.o
         8          4          0          0          4         68   rt_errno_addr.o
         8          4          0          0          4         68   rt_fp_status_addr.o
         8          4          0          0          4         68   rt_heap_descriptor.o
         8          4          0          0         20         68   rt_locale.o
        78          0          0          0          0         80   rt_memclr_w.o
         0          0          0          0          0          0   rtentry.o
        12          0          0          0          0          0   rtentry2.o
         6          0          0          0          0          0   rtentry4.o
        48         10          0          0          0         84   scanf_char.o
      1192         14          0          0          0        148   scanf_fp.o
       796         14          0          0          0        100   scanf_hexfp.o
       316         18          0          0          0        100   scanf_infnan.o
        70          0          0          0          0         80   setvbuf.o
        44          6          0          0          0         84   sprintf.o
        60          8          0          0          0         84   sscanf.o
       240          6          0          0          0        156   stdio.o
         0          0          0         12        240          0   stdio_streams.o
       128          0          0          0          0         68   strcmpv7m.o
        62          0          0          0          0         76   strlen.o
       150          0          0          0          0         80   strncmp.o
        12          4          0          0          0         68   sys_exit.o
        14          0          0          0          0         76   sys_wrch.o
         2          0          0          0          0         68   use_no_semi.o
        22          0          0          0          0         76   exit.c.lpc1768.arm.o
        72          0          0          0          0        132   gpio_api.c.lpc1768.arm.o
       424        100          0          0          0        332   pinmap.c.lpc1768.arm.o
        12          0          0          0          0         68   semihost_api.c.lpc1768.arm.o
       644        110        340          0          0        280   serial_api.c.lpc1768.arm.o
       148         16          0          0          0        240   timer_api.c.lpc1768.arm.o
        56         12          0          4          0         80   us_ticker_api.c.lpc1768.arm.o
       120          6          0          0          0         76   utils_api.c.lpc1768.arm.o
        50          0          0          0          0        144   wait_api.c.lpc1768.arm.o
         4          0          0          0          0         72   arm_bad_typeid_noexceptions.o
        80         14          0          0          0        100   arm_exceptions_globs.o
        60          0          0          0          0        108   arm_exceptions_mem.o
        26          0          0          0          0         76   arm_exceptions_terminate.o
         8          0          0          0          0         76   array_del.o
         8          0          0          0          0         76   delete.o
         0          0        193          0          0          0   lib_rtti_impl.o
      1260         42          0          0          0        716   rtti.o
         0          0         21          0          0          0   type_info_dtor.o
        32          0          0          0          0         80   type_info_eq.o
        98          4          0          0          0         92   d2f.o
        16          4          0          0          0         68   dcheck1.o
        24          0          0          0          0         68   dcmpi.o
       120          4          0          0          0         92   deqf.o
       120          4          0          0          0         92   dleqf.o
       156          4          0          0          0         92   dnaninf.o
       108          0          0          0          0         80   drleqf.o
       430          8          0          0          0        168   faddsub_clz.o
        12          4          0          0          0         68   fcheck1.o
       388         76          0          0          0         96   fdiv.o
        54          4          0          0          0         84   ffix.o
        86          0          0          0          0        136   fflt_clz.o
       258          4          0          0          0         84   fmul.o
       140          4          0          0          0         84   fnaninf.o
         0          0          8          0          0          0   fpconst.o
        14          0          0          0          0         76   fpinit.o
        10          0          0          0          0         68   fretinf.o
         4          0          0          0          0         68   printf1.o
         4          0          0          0          0         68   printf2.o
       100          0          0          0          0         68   retnan.o
        92          0          0          0          0         68   scalbn.o
        76          0          0          0          0         68   scalbnf.o
         4          0          0          0          0         68   scanf1.o
         8          0          0          0          0         84   scanf2.o
        48          0          0          0          0         68   trapv.o
         0          0          0          0          0          0   usenofp.o
        16          6          0          0          0         68   dunder.o
        40          0          0          0          0         68   fpclassify.o
        88          8          0          0          0         76   frexp.o
        10          0          0          0          0         68   funder.o
       148          0          0          0          0        160   ldexp.o
       152          4          0          0          0        160   narrow.o
        90          0          0          0          0         76   scalbnf.o
       168         20         64         20          0        216   Base.cpp.lpc1768.arm.o
       640         68        136          0         64        404   stdio.cpp.lpc1768.arm.o

    ----------------------------------------------------------------------
     22368       1166       1318         40        568      15476   Library Totals
        50          2          5          0          0          0   (incl. Padding)

    ----------------------------------------------------------------------

      Code (inc. data)   RO Data    RW Data    ZI Data      Debug   Library Name

     15570        638        551         16        504       9440   c_w.l
      1548        244        340          4          0       1428   capi.ar
      1478         56        214          0          0       1304   cpprt_w.l
      2370        120          8          0          0       2008   fz_ws.l
       544         18          0          0          0        676   m_ws.l
       808         88        200         20         64        620   mbed.ar

    ----------------------------------------------------------------------
     22368       1166       1318         40        568      15476   Library Totals

    ----------------------------------------------------------------------

==============================================================================


      Code (inc. data)   RO Data    RW Data    ZI Data      Debug   

     30858       2174       1546        336       2744     126060   Grand Totals
     30858       2174       1546         20       2744     126060   ELF Image Totals (compressed)
     30858       2174       1546         20          0          0   ROM Totals

==============================================================================

    Total RO  Size (Code + RO Data)                32404 (  31.64kB)
    Total RW  Size (RW Data + ZI Data)              3080 (   3.01kB)
    Total ROM Size (Code + RO Data + RW Data)      32424 (  31.66kB)

==============================================================================

